Component: ARM Compiler 5.06 update 7 (build 960) Tool: armlink [4d3601]

==============================================================================

Section Cross References

    startup_stm32f427xx.o(STACK) refers (Special) to heapauxi.o(.text) for __use_two_region_memory
    startup_stm32f427xx.o(HEAP) refers (Special) to heapauxi.o(.text) for __use_two_region_memory
    startup_stm32f427xx.o(RESET) refers (Special) to heapauxi.o(.text) for __use_two_region_memory
    startup_stm32f427xx.o(RESET) refers to startup_stm32f427xx.o(STACK) for __initial_sp
    startup_stm32f427xx.o(RESET) refers to startup_stm32f427xx.o(.text) for Reset_Handler
    startup_stm32f427xx.o(RESET) refers to stm32f4xx_it.o(i.NMI_Handler) for NMI_Handler
    startup_stm32f427xx.o(RESET) refers to stm32f4xx_it.o(i.HardFault_Handler) for HardFault_Handler
    startup_stm32f427xx.o(RESET) refers to stm32f4xx_it.o(i.MemManage_Handler) for MemManage_Handler
    startup_stm32f427xx.o(RESET) refers to stm32f4xx_it.o(i.BusFault_Handler) for BusFault_Handler
    startup_stm32f427xx.o(RESET) refers to stm32f4xx_it.o(i.UsageFault_Handler) for UsageFault_Handler
    startup_stm32f427xx.o(RESET) refers to port.o(.emb_text) for SVC_Handler
    startup_stm32f427xx.o(RESET) refers to stm32f4xx_it.o(i.DebugMon_Handler) for DebugMon_Handler
    startup_stm32f427xx.o(RESET) refers to port.o(i.SysTick_Handler) for SysTick_Handler
    startup_stm32f427xx.o(RESET) refers to stm32f4xx_it.o(i.PVD_IRQHandler) for PVD_IRQHandler
    startup_stm32f427xx.o(RESET) refers to stm32f4xx_it.o(i.DMA1_Stream1_IRQHandler) for DMA1_Stream1_IRQHandler
    startup_stm32f427xx.o(RESET) refers to stm32f4xx_it.o(i.DMA1_Stream3_IRQHandler) for DMA1_Stream3_IRQHandler
    startup_stm32f427xx.o(RESET) refers to stm32f4xx_it.o(i.CAN1_RX0_IRQHandler) for CAN1_RX0_IRQHandler
    startup_stm32f427xx.o(RESET) refers to stm32f4xx_it.o(i.USART1_IRQHandler) for USART1_IRQHandler
    startup_stm32f427xx.o(RESET) refers to stm32f4xx_it.o(i.USART3_IRQHandler) for USART3_IRQHandler
    startup_stm32f427xx.o(RESET) refers to stm32f4xx_it.o(i.TIM6_DAC_IRQHandler) for TIM6_DAC_IRQHandler
    startup_stm32f427xx.o(RESET) refers to stm32f4xx_it.o(i.DMA2_Stream2_IRQHandler) for DMA2_Stream2_IRQHandler
    startup_stm32f427xx.o(RESET) refers to stm32f4xx_it.o(i.CAN2_RX0_IRQHandler) for CAN2_RX0_IRQHandler
    startup_stm32f427xx.o(RESET) refers to stm32f4xx_it.o(i.DMA2_Stream6_IRQHandler) for DMA2_Stream6_IRQHandler
    startup_stm32f427xx.o(RESET) refers to stm32f4xx_it.o(i.USART6_IRQHandler) for USART6_IRQHandler
    startup_stm32f427xx.o(.text) refers (Special) to heapauxi.o(.text) for __use_two_region_memory
    startup_stm32f427xx.o(.text) refers to system_stm32f4xx.o(i.SystemInit) for SystemInit
    startup_stm32f427xx.o(.text) refers to __main.o(!!!main) for __main
    startup_stm32f427xx.o(.text) refers to startup_stm32f427xx.o(HEAP) for Heap_Mem
    startup_stm32f427xx.o(.text) refers to startup_stm32f427xx.o(STACK) for Stack_Mem
    main.o(i.HAL_TIM_PeriodElapsedCallback) refers to stm32f4xx_hal.o(i.HAL_IncTick) for HAL_IncTick
    main.o(i.SystemClock_Config) refers to rt_memclr_w.o(.text) for __aeabi_memclr4
    main.o(i.SystemClock_Config) refers to stm32f4xx_hal_rcc.o(i.HAL_RCC_OscConfig) for HAL_RCC_OscConfig
    main.o(i.SystemClock_Config) refers to main.o(i.Error_Handler) for Error_Handler
    main.o(i.SystemClock_Config) refers to stm32f4xx_hal_rcc.o(i.HAL_RCC_ClockConfig) for HAL_RCC_ClockConfig
    main.o(i.main) refers to stm32f4xx_hal.o(i.HAL_Init) for HAL_Init
    main.o(i.main) refers to main.o(i.SystemClock_Config) for SystemClock_Config
    main.o(i.main) refers to gpio.o(i.MX_GPIO_Init) for MX_GPIO_Init
    main.o(i.main) refers to dma.o(i.MX_DMA_Init) for MX_DMA_Init
    main.o(i.main) refers to can.o(i.MX_CAN1_Init) for MX_CAN1_Init
    main.o(i.main) refers to can.o(i.MX_CAN2_Init) for MX_CAN2_Init
    main.o(i.main) refers to usart.o(i.MX_USART1_UART_Init) for MX_USART1_UART_Init
    main.o(i.main) refers to usart.o(i.MX_USART6_UART_Init) for MX_USART6_UART_Init
    main.o(i.main) refers to spi.o(i.MX_SPI5_Init) for MX_SPI5_Init
    main.o(i.main) refers to tim.o(i.MX_TIM3_Init) for MX_TIM3_Init
    main.o(i.main) refers to usart.o(i.MX_USART3_UART_Init) for MX_USART3_UART_Init
    main.o(i.main) refers to adc.o(i.MX_ADC1_Init) for MX_ADC1_Init
    main.o(i.main) refers to spi.o(i.MX_SPI1_Init) for MX_SPI1_Init
    main.o(i.main) refers to tim.o(i.MX_TIM12_Init) for MX_TIM12_Init
    main.o(i.main) refers to bsp_flash.o(i.flash_read) for flash_read
    main.o(i.main) refers to system_config.o(i.User_System_Init) for User_System_Init
    main.o(i.main) refers to freertos.o(i.MX_FREERTOS_Init) for MX_FREERTOS_Init
    main.o(i.main) refers to cmsis_os.o(i.osKernelStart) for osKernelStart
    main.o(i.main) refers to dji_aimu.o(.bss) for IMU_Offset
    gpio.o(i.MX_GPIO_Init) refers to rt_memclr_w.o(.text) for __aeabi_memclr4
[...]
    Dir                                      0x2000021f   Data           1  dev_led.o(.data)
    Buzzer                                   0x20000222   Data           1  dev_buzzer.o(.data)
    SuperMario                               0x20000224   Data          68  dev_buzzer.o(.data)
    TheWindRises                             0x20000268   Data         908  dev_buzzer.o(.data)
    DJI_IMUFUN                               0x200005f8   Data          28  dji_aimu.o(.data)
    q0                                       0x20000614   Data           4  dji_aimu.o(.data)
    q1                                       0x20000618   Data           4  dji_aimu.o(.data)
    q2                                       0x2000061c   Data           4  dji_aimu.o(.data)
    q3                                       0x20000620   Data           4  dji_aimu.o(.data)
    exInt                                    0x20000624   Data           4  dji_aimu.o(.data)
    eyInt                                    0x20000628   Data           4  dji_aimu.o(.data)
    ezInt                                    0x2000062c   Data           4  dji_aimu.o(.data)
    last_update                              0x20000654   Data           4  dji_aimu.o(.data)
    now_update                               0x20000658   Data           4  dji_aimu.o(.data)
    ist_buff                                 0x200006d8   Data           6  dji_aimu.o(.data)
    IMU_Init_Condition                       0x200006de   Data           1  dji_aimu.o(.data)
    id                                       0x200006df   Data           1  dji_aimu.o(.data)
    totalYaw_LpfAttFactor                    0x200006e0   Data           4  dji_aimu.o(.data)
    gz_LpfAttFactor                          0x200006e4   Data           4  dji_aimu.o(.data)
    Calibrate_Temperate                      0x200006e8   Data           1  imu_compensate.o(.data)
    imuTempPid                               0x200006ec   Data          64  imu_compensate.o(.data)
    IMU_CompensateFUN                        0x2000072c   Data           8  imu_compensate.o(.data)
    first_temperate                          0x20000734   Data           1  imu_compensate.o(.data)
    IMU_LpfAttFactor                         0x20000738   Data           4  imu_compensate.o(.data)
    pvd_config                               0x20000914   Data           8  bsp_pvd.o(.data)
    hadc1                                    0x20000b70   Data          72  adc.o(.bss)
    hcan1                                    0x20000bb8   Data          40  can.o(.bss)
    hcan2                                    0x20000be0   Data          40  can.o(.bss)
    hspi1                                    0x20000c08   Data          88  spi.o(.bss)
    hspi5                                    0x20000c60   Data          88  spi.o(.bss)
    htim3                                    0x20000cb8   Data          64  tim.o(.bss)
    htim12                                   0x20000cf8   Data          64  tim.o(.bss)
    huart1                                   0x20000d38   Data          64  usart.o(.bss)
    huart3                                   0x20000d78   Data          64  usart.o(.bss)
    huart6                                   0x20000db8   Data          64  usart.o(.bss)
    hdma_usart1_rx                           0x20000df8   Data          96  usart.o(.bss)
    hdma_usart3_rx                           0x20000e58   Data          96  usart.o(.bss)
    hdma_usart3_tx                           0x20000eb8   Data          96  usart.o(.bss)
    hdma_usart6_tx                           0x20000f18   Data          96  usart.o(.bss)
    htim6                                    0x20000f78   Data          64  stm32f4xx_hal_timebase_tim.o(.bss)
    usart4_manage                            0x20004d10   Data          16  bsp_uart.o(.bss)
    usart5_manage                            0x20004d20   Data          16  bsp_uart.o(.bss)
    usart1_manage                            0x20004d30   Data          16  bsp_uart.o(.bss)
    usart2_manage                            0x20004d40   Data          16  bsp_uart.o(.bss)
    usart3_manage                            0x20004d50   Data          16  bsp_uart.o(.bss)
    usart6_manage                            0x20004d60   Data          16  bsp_uart.o(.bss)
    Uart1_Rx_Buff                            0x20004d70   Data          32  system_datapool.o(.bss)
    Uart3_Rx_Buff                            0x20004d90   Data         256  system_datapool.o(.bss)
    DR16                                     0x20004e90   Data          84  system_datapool.o(.bss)
    CTRL_DR16                                0x20004ee4   Data          72  system_datapool.o(.bss)
    DevicesMonitor                           0x20004f2c   Data          30  system_datapool.o(.bss)
    Infantry                                 0x20004f50   Data          80  system_datapool.o(.bss)
    Chassis                                  0x20004fa0   Data        2068  system_datapool.o(.bss)
    Gimbal                                   0x200057b4   Data        2160  system_datapool.o(.bss)
    Referee                                  0x20006024   Data         548  system_datapool.o(.bss)
    SupCap                                   0x20006248   Data          32  system_datapool.o(.bss)
    PowerMeter                               0x20006268   Data          28  system_datapool.o(.bss)
    CHAS_Power                               0x200062d8   Data          88  control_chassis.o(.bss)
    Kalman_CHASFollow_Speed                  0x20006330   Data          48  control_chassis.o(.bss)
    infantry_null                            0x20006390   Data          16  dev_oled.o(.bss)
    hero_null                                0x200063a0   Data          16  dev_oled.o(.bss)
    engineer_null                            0x200063b0   Data          16  dev_oled.o(.bss)
    sentry_null                              0x200063c0   Data          16  dev_oled.o(.bss)
    darts_null                               0x200063d0   Data          16  dev_oled.o(.bss)
    ADCDualConvertedValue                    0x200063e0   Data          10  dev_oled.o(.bss)
    ADC_Value                                0x200063ec   Data         200  dev_oled.o(.bss)
    mpu_buff                                 0x200068cc   Data          15  dji_aimu.o(.bss)
    mpu_data                                 0x200068dc   Data          34  dji_aimu.o(.bss)
    imu                                      0x20006900   Data          76  dji_aimu.o(.bss)
    imu_Export                               0x2000694c   Data          24  dji_aimu.o(.bss)
    IMU_Offset                               0x20006964   Data          24  dji_aimu.o(.bss)
    IMUwriteFlashData                        0x2000697c   Data          24  dji_aimu.o(.bss)
    SerialDebug                              0x20006994   Data         116  serialdebug.o(.bss)
    __libspace_start                         0x20006c04   Data          96  libspace.o(.bss)
    __temporary_stack_top$libspace           0x20006c64   Data           0  libspace.o(.bss)



==============================================================================

Memory Map of the image

  Image Entry point : 0x080001ad

  Load Region LR_IROM1 (Base: 0x08000000, Size: 0x0001277c, Max: 0x00200000, ABSOLUTE, COMPRESSED[0x0001216c])

    Execution Region ER_IROM1 (Exec base: 0x08000000, Load base: 0x08000000, Size: 0x00011e60, Max: 0x00200000, ABSOLUTE)

    Exec Addr    Load Addr    Size         Type   Attr      Idx    E Section Name        Object

    0x08000000   0x08000000   0x000001ac   Data   RO            3    RESET               startup_stm32f427xx.o
    0x080001ac   0x080001ac   0x00000008   Code   RO        11084  * !!!main             c_w.l(__main.o)
    0x080001b4   0x080001b4   0x00000034   Code   RO        11946    !!!scatter          c_w.l(__scatter.o)
    0x080001e8   0x080001e8   0x0000005a   Code   RO        11944    !!dczerorl2         c_w.l(__dczerorl2.o)
    0x08000242   0x08000242   0x00000002   PAD
    0x08000244   0x08000244   0x0000001c   Code   RO        11948    !!handler_zi        c_w.l(__scatter_zi.o)
    0x08000260   0x08000260   0x00000002   Code   RO        11881    .ARM.Collect$$libinit$$00000000  c_w.l(libinit.o)
    0x08000262   0x08000262   0x00000004   Code   RO        11551    .ARM.Collect$$libinit$$00000001  c_w.l(libinit2.o)
    0x08000266   0x08000266   0x00000000   Code   RO        11554    .ARM.Collect$$libinit$$00000004  c_w.l(libinit2.o)
    0x08000266   0x08000266   0x00000008   Code   RO        11555    .ARM.Collect$$libinit$$00000005  c_w.l(libinit2.o)
    0x0800026e   0x0800026e   0x00000000   Code   RO        11557    .ARM.Collect$$libinit$$0000000A  c_w.l(libinit2.o)
    0x0800026e   0x0800026e   0x00000000   Code   RO        11559    .ARM.Collect$$libinit$$0000000C  c_w.l(libinit2.o)
    0x0800026e   0x0800026e   0x00000000   Code   RO        11561    .ARM.Collect$$libinit$$0000000E  c_w.l(libinit2.o)
    0x0800026e   0x0800026e   0x00000000   Code   RO        11564    .ARM.Collect$$libinit$$00000011  c_w.l(libinit2.o)
    0x0800026e   0x0800026e   0x00000000   Code   RO        11566    .ARM.Collect$$libinit$$00000013  c_w.l(libinit2.o)
    0x0800026e   0x0800026e   0x00000000   Code   RO        11568    .ARM.Collect$$libinit$$00000015  c_w.l(libinit2.o)
    0x0800026e   0x0800026e   0x00000000   Code   RO        11570    .ARM.Collect$$libinit$$00000017  c_w.l(libinit2.o)
    0x0800026e   0x0800026e   0x00000000   Code   RO        11572    .ARM.Collect$$libinit$$00000019  c_w.l(libinit2.o)
    0x0800026e   0x0800026e   0x00000000   Code   RO        11574    .ARM.Collect$$libinit$$0000001B  c_w.l(libinit2.o)
    0x0800026e   0x0800026e   0x00000000   Code   RO        11576    .ARM.Collect$$libinit$$0000001D  c_w.l(libinit2.o)
    0x0800026e   0x0800026e   0x00000000   Code   RO        11578    .ARM.Collect$$libinit$$0000001F  c_w.l(libinit2.o)
    0x0800026e   0x0800026e   0x00000000   Code   RO        11580    .ARM.Collect$$libinit$$00000021  c_w.l(libinit2.o)
    0x0800026e   0x0800026e   0x00000000   Code   RO        11582    .ARM.Collect$$libinit$$00000023  c_w.l(libinit2.o)
    0x0800026e   0x0800026e   0x00000000   Code   RO        11584    .ARM.Collect$$libinit$$00000025  c_w.l(libinit2.o)
    0x0800026e   0x0800026e   0x00000000   Code   RO        11588    .ARM.Collect$$libinit$$0000002C  c_w.l(libinit2.o)
    0x0800026e   0x0800026e   0x00000000   Code   RO        11590    .ARM.Collect$$libinit$$0000002E  c_w.l(libinit2.o)
    0x0800026e   0x0800026e   0x00000000   Code   RO        11592    .ARM.Collect$$libinit$$00000030  c_w.l(libinit2.o)
    0x0800026e   0x0800026e   0x00000004   Code   RO        11593    .ARM.Collect$$libinit$$00000031  c_w.l(libinit2.o)
    0x08000272   0x08000272   0x00000000   Code   RO        11594    .ARM.Collect$$libinit$$00000032  c_w.l(libinit2.o)
    0x08000272   0x08000272   0x00000002   Code   RO        11595    .ARM.Collect$$libinit$$00000033  c_w.l(libinit2.o)
    0x08000274   0x08000274   0x00000002   Code   RO        11941    .ARM.Collect$$libshutdown$$00000000  c_w.l(libshutdown.o)
    0x08000276   0x08000276   0x00000000   Code   RO        11791    .ARM.Collect$$libshutdown$$00000002  c_w.l(libshutdown2.o)
    0x08000276   0x08000276   0x00000006   Code   RO        11792    .ARM.Collect$$libshutdown$$00000003  c_w.l(libshutdown2.o)
    0x0800027c   0x0800027c   0x00000000   Code   RO        11793    .ARM.Collect$$libshutdown$$00000004  c_w.l(libshutdown2.o)
    0x0800027c   0x0800027c   0x00000000   Code   RO        11795    .ARM.Collect$$libshutdown$$00000006  c_w.l(libshutdown2.o)
    0x0800027c   0x0800027c   0x00000000   Code   RO        11798    .ARM.Collect$$libshutdown$$00000009  c_w.l(libshutdown2.o)
    0x0800027c   0x0800027c   0x00000000   Code   RO        11801    .ARM.Collect$$libshutdown$$0000000C  c_w.l(libshutdown2.o)
    0x0800027c   0x0800027c   0x00000000   Code   RO        11803    .ARM.Collect$$libshutdown$$0000000E  c_w.l(libshutdown2.o)
    0x0800027c   0x0800027c   0x00000000   Code   RO        11806    .ARM.Collect$$libshutdown$$00000011  c_w.l(libshutdown2.o)
    0x0800027c   0x0800027c   0x00000002   Code   RO        11807    .ARM.Collect$$libshutdown$$00000012  c_w.l(libshutdown2.o)
    0x0800027e   0x0800027e   0x00000000   Code   RO        11398    .ARM.Collect$$rtentry$$00000000  c_w.l(__rtentry.o)
    0x0800027e   0x0800027e   0x00000000   Code   RO        11685    .ARM.Collect$$rtentry$$00000002  c_w.l(__rtentry2.o)
    0x0800027e   0x0800027e   0x00000006   Code   RO        11697    .ARM.Collect$$rtentry$$00000004  c_w.l(__rtentry4.o)
    0x08000284   0x08000284   0x00000000   Code   RO        11687    .ARM.Collect$$rtentry$$00000009  c_w.l(__rtentry2.o)
    0x08000284   0x08000284   0x00000004   Code   RO        11688    .ARM.Collect$$rtentry$$0000000A  c_w.l(__rtentry2.o)
    0x08000288   0x08000288   0x00000000   Code   RO        11690    .ARM.Collect$$rtentry$$0000000C  c_w.l(__rtentry2.o)
    0x08000288   0x08000288   0x00000008   Code   RO        11691    .ARM.Collect$$rtentry$$0000000D  c_w.l(__rtentry2.o)
    0x08000290   0x08000290   0x00000002   Code   RO        11897    .ARM.Collect$$rtexit$$00000000  c_w.l(rtexit.o)
    0x08000292   0x08000292   0x00000000   Code   RO        11917    .ARM.Collect$$rtexit$$00000002  c_w.l(rtexit2.o)
    0x08000292   0x08000292   0x00000004   Code   RO        11918    .ARM.Collect$$rtexit$$00000003  c_w.l(rtexit2.o)
    0x08000296   0x08000296   0x00000006   Code   RO        11919    .ARM.Collect$$rtexit$$00000004  c_w.l(rtexit2.o)
    0x0800029c   0x0800029c   0x000000be   Code   RO         5683    .emb_text           port.o
    0x0800035a   0x0800035a   0x00000002   PAD
    0x0800035c   0x0800035c   0x00000000   Code   RO        11845    .emb_text           c_w.l(maybetermalloc1.o)
    0x0800035c   0x0800035c   0x00000040   Code   RO            4    .text               startup_stm32f427xx.o
    0x0800039c   0x0800039c   0x00000078   Code   RO        10648    .text               arm_cortexM4lf_math.lib(arm_cos_f32.o)
    0x08000414   0x08000414   0x00000094   Code   RO        10698    .text               arm_cortexM4lf_math.lib(arm_sin_f32.o)
    0x080004a8   0x080004a8   0x000000ee   Code   RO        11034    .text               c_w.l(lludivv7m.o)
    0x08000596   0x08000596   0x0000002e   Code   RO        11069    .text               c_w.l(aeabi_atexit.o)
    0x080005c4   0x080005c4   0x0000008a   Code   RO        11074    .text               c_w.l(rt_memcpy_v6.o)
    0x0800064e   0x0800064e   0x00000064   Code   RO        11076    .text               c_w.l(rt_memcpy_w.o)
    0x080006b2   0x080006b2   0x0000004e   Code   RO        11080    .text               c_w.l(rt_memclr_w.o)
    0x08000700   0x08000700   0x00000006   Code   RO        11082    .text               c_w.l(heapauxi.o)
    0x08000706   0x08000706   0x00000002   PAD
    0x08000708   0x08000708   0x00000024   Code   RO        11089    .text               c_w.l(init_aeabi.o)
    0x0800072c   0x0800072c   0x00000022   Code   RO        11213    .text               cpprt_w.l(aeabi_vec_dtor_noexceptions.o)
    0x0800074e   0x0800074e   0x00000002   PAD
    0x08000750   0x08000750   0x00000008   Code   RO        11406    .text               c_w.l(rt_ddtor_pointer_addr_intlibspace.o)
    0x08000758   0x08000758   0x0000005e   Code   RO        11412    .text               c_w.l(h1_alloc.o)
    0x080007b6   0x080007b6   0x0000004e   Code   RO        11414    .text               c_w.l(h1_free.o)
    0x08000804   0x08000804   0x00000016   Code   RO        11470    .text               c_w.l(_rserrno.o)
    0x0800081a   0x0800081a   0x00000042   Code   RO        11542    .text               c_w.l(cxa_finalize.o)
    0x0800085c   0x0800085c   0x00000008   Code   RO        11679    .text               c_w.l(libspace.o)
    0x08000864   0x08000864   0x00000008   Code   RO        11706    .text               c_w.l(rt_heap_descriptor_intlibspace.o)
    0x0800086c   0x0800086c   0x00000008   Code   RO        11716    .text               c_w.l(rt_errno_addr_intlibspace.o)
    0x08000874   0x08000874   0x00000004   Code   RO        11718    .text               c_w.l(hguard.o)
    0x08000878   0x08000878   0x0000008a   Code   RO        11720    .text               c_w.l(init_alloc.o)
    0x08000902   0x08000902   0x0000000e   Code   RO        11724    .text               c_w.l(h1_init.o)
    0x08000910   0x08000910   0x00000030   Code   RO        11740    .text               c_w.l(_fptrap.o)
    0x08000940   0x08000940   0x0000000a   Code   RO        11782    .text               c_w.l(defsig_exit.o)
    0x0800094a   0x0800094a   0x00000002   PAD
    0x0800094c   0x0800094c   0x0000000c   Code   RO        11832    .text               c_w.l(sys_exit.o)
    0x08000958   0x08000958   0x0000004a   Code   RO        11834    .text               c_w.l(sys_stackheap_outer.o)
    0x080009a2   0x080009a2   0x00000034   Code   RO        11847    .text               c_w.l(h1_extend.o)
    0x080009d6   0x080009d6   0x00000012   Code   RO        11851    .text               c_w.l(exit.o)
    0x080009e8   0x080009e8   0x00000032   Code   RO        11857    .text               c_w.l(defsig_general.o)
    0x08000a1a   0x08000a1a   0x0000000e   Code   RO        11859    .text               c_w.l(defsig_fpe_outer.o)
    0x08000a28   0x08000a28   0x0000000e   Code   RO        11863    .text               c_w.l(defsig_rtmem_outer.o)
    0x08000a36   0x08000a36   0x0000000e   Code   RO        11892    .text               c_w.l(sys_wrch.o)
    0x08000a44   0x08000a44   0x00000002   Code   RO        11894    .text               c_w.l(use_no_semi.o)
    0x08000a46   0x08000a46   0x00000000   Code   RO        11896    .text               c_w.l(indicate_semi.o)
    0x08000a46   0x08000a46   0x00000002   PAD
    0x08000a48   0x08000a48   0x000000ac   Code   RO        11910    .text               c_w.l(defsig_fpe_inner.o)
    0x08000af4   0x08000af4   0x00000050   Code   RO        11912    .text               c_w.l(defsig_rtmem_inner.o)
    0x08000b44   0x08000b44   0x00000160   Code   RO          813    i.ADC_Init          stm32f4xx_hal_adc.o
    0x08000ca4   0x08000ca4   0x00000004   Code   RO          619    i.BusFault_Handler  stm32f4xx_it.o
    0x08000ca8   0x08000ca8   0x00000010   Code   RO          620    i.CAN1_RX0_IRQHandler  stm32f4xx_it.o
    0x08000cb8   0x08000cb8   0x00000010   Code   RO          621    i.CAN2_RX0_IRQHandler  stm32f4xx_it.o
    0x08000cc8   0x08000cc8   0x00000040   Code   RO         5992    i.CAN_Init          bsp_can.o
    0x08000d08   0x08000d08   0x00000034   Code   RO         5993    i.CANx_SendData     bsp_can.o
    0x08000d3c   0x08000d3c   0x00000050   Code   RO         5994    i.CanFilter_Init    bsp_can.o
    0x08000d8c   0x08000d8c   0x0000000c   Code   RO         9487    i.DJI_IMU_Init      dji_aimu.o
    0x08000d98   0x08000d98   0x00000010   Code   RO          622    i.DMA1_Stream1_IRQHandler  stm32f4xx_it.o
    0x08000da8   0x08000da8   0x00000010   Code   RO          623    i.DMA1_Stream3_IRQHandler  stm32f4xx_it.o
    0x08000db8   0x08000db8   0x00000010   Code   RO          624    i.DMA2_Stream2_IRQHandler  stm32f4xx_it.o
    0x08000dc8   0x08000dc8   0x00000010   Code   RO          625    i.DMA2_Stream6_IRQHandler  stm32f4xx_it.o
    0x08000dd8   0x08000dd8   0x00000034   Code   RO         1745    i.DMA_CalcBaseAndBitshift  stm32f4xx_hal_dma.o
    0x08000e0c   0x08000e0c   0x000000aa   Code   RO         1746    i.DMA_CheckFifoParam  stm32f4xx_hal_dma.o
    0x08000eb6   0x08000eb6   0x0000002c   Code   RO         1747    i.DMA_SetConfig     stm32f4xx_hal_dma.o
    0x08000ee2   0x08000ee2   0x00000002   PAD
    0x08000ee4   0x08000ee4   0x00000024   Code   RO         7314    i.DR16_Recv_Callback  communication.o
    0x08000f08   0x08000f08   0x00000002   Code   RO          626    i.DebugMon_Handler  stm32f4xx_it.o
    0x08000f0a   0x08000f0a   0x00000002   Code   RO           13    i.Error_Handler     main.o
    0x08000f0c   0x08000f0c   0x000001a4   Code   RO          815    i.HAL_ADC_ConfigChannel  stm32f4xx_hal_adc.o
    0x080010b0   0x080010b0   0x00000068   Code   RO          824    i.HAL_ADC_Init      stm32f4xx_hal_adc.o
    0x08001118   0x08001118   0x00000080   Code   RO          337    i.HAL_ADC_MspInit   adc.o
    0x08001198   0x08001198   0x0000002a   Code   RO         2454    i.HAL_CAN_ActivateNotification  stm32f4xx_hal_can.o
    0x080011c2   0x080011c2   0x00000156   Code   RO         2455    i.HAL_CAN_AddTxMessage  stm32f4xx_hal_can.o
    0x08001318   0x08001318   0x00000124   Code   RO         2456    i.HAL_CAN_ConfigFilter  stm32f4xx_hal_can.o
    0x0800143c   0x0800143c   0x00000002   Code   RO         2459    i.HAL_CAN_ErrorCallback  stm32f4xx_hal_can.o
    0x0800143e   0x0800143e   0x0000017a   Code   RO         2462    i.HAL_CAN_GetRxMessage  stm32f4xx_hal_can.o
    0x080015b8   0x080015b8   0x0000024e   Code   RO         2466    i.HAL_CAN_IRQHandler  stm32f4xx_hal_can.o
    0x08001806   0x08001806   0x00000174   Code   RO         2467    i.HAL_CAN_Init      stm32f4xx_hal_can.o
    0x0800197a   0x0800197a   0x00000002   PAD
    0x0800197c   0x0800197c   0x00000164   Code   RO          379    i.HAL_CAN_MspInit   can.o
    0x08001ae0   0x08001ae0   0x00000002   Code   RO         2474    i.HAL_CAN_RxFifo0FullCallback  stm32f4xx_hal_can.o
    0x08001ae2   0x08001ae2   0x00000002   PAD
    0x08001ae4   0x08001ae4   0x00000064   Code   RO         5995    i.HAL_CAN_RxFifo0MsgPendingCallback  bsp_can.o
    0x08001b48   0x08001b48   0x00000002   Code   RO         2476    i.HAL_CAN_RxFifo1FullCallback  stm32f4xx_hal_can.o
    0x08001b4a   0x08001b4a   0x00000002   PAD
    0x08001b4c   0x08001b4c   0x00000064   Code   RO         5996    i.HAL_CAN_RxFifo1MsgPendingCallback  bsp_can.o
    0x08001bb0   0x08001bb0   0x00000002   Code   RO         2478    i.HAL_CAN_SleepCallback  stm32f4xx_hal_can.o
    0x08001bb2   0x08001bb2   0x0000005e   Code   RO         2479    i.HAL_CAN_Start     stm32f4xx_hal_can.o
    0x08001c10   0x08001c10   0x00000002   Code   RO         2481    i.HAL_CAN_TxMailbox0AbortCallback  stm32f4xx_hal_can.o
    0x08001c12   0x08001c12   0x00000002   Code   RO         2482    i.HAL_CAN_TxMailbox0CompleteCallback  stm32f4xx_hal_can.o
    0x08001c14   0x08001c14   0x00000002   Code   RO         2483    i.HAL_CAN_TxMailbox1AbortCallback  stm32f4xx_hal_can.o
    0x08001c16   0x08001c16   0x00000002   Code   RO         2484    i.HAL_CAN_TxMailbox1CompleteCallback  stm32f4xx_hal_can.o
    0x08001c18   0x08001c18   0x00000002   Code   RO         2485    i.HAL_CAN_TxMailbox2AbortCallback  stm32f4xx_hal_can.o
    0x08001c1a   0x08001c1a   0x00000002   Code   RO         2486    i.HAL_CAN_TxMailbox2CompleteCallback  stm32f4xx_hal_can.o
    0x08001c1c   0x08001c1c   0x00000002   Code   RO         2488    i.HAL_CAN_WakeUpFromRxMsgCallback  stm32f4xx_hal_can.o
    0x08001c1e   0x08001c1e   0x000000aa   Code   RO         1748    i.HAL_DMA_Abort     stm32f4xx_hal_dma.o
    0x08001cc8   0x08001cc8   0x00000028   Code   RO         1749    i.HAL_DMA_Abort_IT  stm32f4xx_hal_dma.o
    0x08001cf0   0x08001cf0   0x00000240   Code   RO         1753    i.HAL_DMA_IRQHandler  stm32f4xx_hal_dma.o
    0x08001f30   0x08001f30   0x000000ec   Code   RO         1754    i.HAL_DMA_Init      stm32f4xx_hal_dma.o
    0x0800201c   0x0800201c   0x00000092   Code   RO         1758    i.HAL_DMA_Start_IT  stm32f4xx_hal_dma.o
    0x080020ae   0x080020ae   0x00000002   PAD
    0x080020b0   0x080020b0   0x00000028   Code   RO         2190    i.HAL_Delay         stm32f4xx_hal.o
    0x080020d8   0x080020d8   0x0000021c   Code   RO         1641    i.HAL_GPIO_Init     stm32f4xx_hal_gpio.o
    0x080022f4   0x080022f4   0x00000012   Code   RO         1644    i.HAL_GPIO_TogglePin  stm32f4xx_hal_gpio.o
    0x08002306   0x08002306   0x0000000c   Code   RO         1645    i.HAL_GPIO_WritePin  stm32f4xx_hal_gpio.o
    0x08002312   0x08002312   0x00000002   PAD
    0x08002314   0x08002314   0x0000000c   Code   RO         2198    i.HAL_GetTick       stm32f4xx_hal.o
    0x08002320   0x08002320   0x00000018   Code   RO         2204    i.HAL_IncTick       stm32f4xx_hal.o
    0x08002338   0x08002338   0x0000003c   Code   RO         2205    i.HAL_Init          stm32f4xx_hal.o
    0x08002374   0x08002374   0x0000008c   Code   RO          771    i.HAL_InitTick      stm32f4xx_hal_timebase_tim.o
    0x08002400   0x08002400   0x00000048   Code   RO          747    i.HAL_MspInit       stm32f4xx_hal_msp.o
    0x08002448   0x08002448   0x00000020   Code   RO         2048    i.HAL_NVIC_EnableIRQ  stm32f4xx_hal_cortex.o
    0x08002468   0x08002468   0x0000007c   Code   RO         2054    i.HAL_NVIC_SetPriority  stm32f4xx_hal_cortex.o
    0x080024e4   0x080024e4   0x00000028   Code   RO         2055    i.HAL_NVIC_SetPriorityGrouping  stm32f4xx_hal_cortex.o
    0x0800250c   0x0800250c   0x00000044   Code   RO         2056    i.HAL_NVIC_SystemReset  stm32f4xx_hal_cortex.o
    0x08002550   0x08002550   0x000000b4   Code   RO         1851    i.HAL_PWR_ConfigPVD  stm32f4xx_hal_pwr.o
    0x08002604   0x08002604   0x0000000c   Code   RO         1859    i.HAL_PWR_EnablePVD  stm32f4xx_hal_pwr.o
    0x08002610   0x08002610   0x00000010   Code   RO        10557    i.HAL_PWR_PVDCallback  bsp_pvd.o
    0x08002620   0x08002620   0x00000020   Code   RO         1867    i.HAL_PWR_PVD_IRQHandler  stm32f4xx_hal_pwr.o
    0x08002640   0x08002640   0x00000184   Code   RO         1185    i.HAL_RCC_ClockConfig  stm32f4xx_hal_rcc.o
    0x080027c4   0x080027c4   0x00000044   Code   RO         1189    i.HAL_RCC_GetClockConfig  stm32f4xx_hal_rcc.o
    0x08002808   0x08002808   0x0000000c   Code   RO         1190    i.HAL_RCC_GetHCLKFreq  stm32f4xx_hal_rcc.o
    0x08002814   0x08002814   0x00000020   Code   RO         1192    i.HAL_RCC_GetPCLK1Freq  stm32f4xx_hal_rcc.o
    0x08002834   0x08002834   0x00000020   Code   RO         1193    i.HAL_RCC_GetPCLK2Freq  stm32f4xx_hal_rcc.o
    0x08002854   0x08002854   0x000000b0   Code   RO         1194    i.HAL_RCC_GetSysClockFreq  stm32f4xx_hal_rcc.o
    0x08002904   0x08002904   0x00000488   Code   RO         1197    i.HAL_RCC_OscConfig  stm32f4xx_hal_rcc.o
    0x08002d8c   0x08002d8c   0x0000008c   Code   RO         2698    i.HAL_SPI_Init      stm32f4xx_hal_spi.o
    0x08002e18   0x08002e18   0x00000138   Code   RO          452    i.HAL_SPI_MspInit   spi.o
    0x08002f50   0x08002f50   0x000001a2   Code   RO         2706    i.HAL_SPI_Transmit  stm32f4xx_hal_spi.o
    0x080030f2   0x080030f2   0x0000022a   Code   RO         2707    i.HAL_SPI_TransmitReceive  stm32f4xx_hal_spi.o
    0x0800331c   0x0800331c   0x00000002   Code   RO         3697    i.HAL_TIMEx_BreakCallback  stm32f4xx_hal_tim_ex.o
    0x0800331e   0x0800331e   0x00000002   Code   RO         3698    i.HAL_TIMEx_CommutCallback  stm32f4xx_hal_tim_ex.o
    0x08003320   0x08003320   0x000000b4   Code   RO         3715    i.HAL_TIMEx_MasterConfigSynchronization  stm32f4xx_hal_tim_ex.o
    0x080033d4   0x080033d4   0x00000034   Code   RO         3011    i.HAL_TIM_Base_Init  stm32f4xx_hal_tim.o
    0x08003408   0x08003408   0x00000034   Code   RO          500    i.HAL_TIM_Base_MspInit  tim.o
    0x0800343c   0x0800343c   0x0000002a   Code   RO         3016    i.HAL_TIM_Base_Start_IT  stm32f4xx_hal_tim.o
    0x08003466   0x08003466   0x00000108   Code   RO         3020    i.HAL_TIM_ConfigClockSource  stm32f4xx_hal_tim.o
    0x0800356e   0x0800356e   0x00000002   Code   RO         3040    i.HAL_TIM_IC_CaptureCallback  stm32f4xx_hal_tim.o
    0x08003570   0x08003570   0x00000196   Code   RO         3054    i.HAL_TIM_IRQHandler  stm32f4xx_hal_tim.o
    0x08003706   0x08003706   0x00000002   PAD
    0x08003708   0x08003708   0x000000ac   Code   RO          501    i.HAL_TIM_MspPostInit  tim.o
    0x080037b4   0x080037b4   0x00000002   Code   RO         3057    i.HAL_TIM_OC_DelayElapsedCallback  stm32f4xx_hal_tim.o
    0x080037b6   0x080037b6   0x00000108   Code   RO         3078    i.HAL_TIM_PWM_ConfigChannel  stm32f4xx_hal_tim.o
    0x080038be   0x080038be   0x00000034   Code   RO         3081    i.HAL_TIM_PWM_Init  stm32f4xx_hal_tim.o
    0x080038f2   0x080038f2   0x00000002   PAD
    0x080038f4   0x080038f4   0x00000034   Code   RO          503    i.HAL_TIM_PWM_MspInit  tim.o
    0x08003928   0x08003928   0x00000002   Code   RO         3084    i.HAL_TIM_PWM_PulseFinishedCallback  stm32f4xx_hal_tim.o
    0x0800392a   0x0800392a   0x00000002   PAD
    0x0800392c   0x0800392c   0x00000058   Code   RO         3086    i.HAL_TIM_PWM_Start  stm32f4xx_hal_tim.o
    0x08003984   0x08003984   0x00000018   Code   RO           14    i.HAL_TIM_PeriodElapsedCallback  main.o
    0x0800399c   0x0800399c   0x00000002   Code   RO         3097    i.HAL_TIM_TriggerCallback  stm32f4xx_hal_tim.o
    0x0800399e   0x0800399e   0x00000066   Code   RO         3967    i.HAL_UART_DMAStop  stm32f4xx_hal_uart.o
    0x08003a04   0x08003a04   0x00000002   Code   RO         3969    i.HAL_UART_ErrorCallback  stm32f4xx_hal_uart.o
    0x08003a06   0x08003a06   0x00000002   PAD
    0x08003a08   0x08003a08   0x00000154   Code   RO         3972    i.HAL_UART_IRQHandler  stm32f4xx_hal_uart.o
    0x08003b5c   0x08003b5c   0x00000072   Code   RO         3973    i.HAL_UART_Init     stm32f4xx_hal_uart.o
    0x08003bce   0x08003bce   0x00000002   PAD
    0x08003bd0   0x08003bd0   0x000002fc   Code   RO          566    i.HAL_UART_MspInit  usart.o
    0x08003ecc   0x08003ecc   0x000000c4   Code   RO         3977    i.HAL_UART_Receive_DMA  stm32f4xx_hal_uart.o
    0x08003f90   0x08003f90   0x00000002   Code   RO         3979    i.HAL_UART_RxCpltCallback  stm32f4xx_hal_uart.o
    0x08003f92   0x08003f92   0x00000002   Code   RO         3980    i.HAL_UART_RxHalfCpltCallback  stm32f4xx_hal_uart.o
    0x08003f94   0x08003f94   0x00000002   Code   RO         3984    i.HAL_UART_TxCpltCallback  stm32f4xx_hal_uart.o
    0x08003f96   0x08003f96   0x00000002   PAD
    0x08003f98   0x08003f98   0x0000001c   Code   RO         9662    i.HAL_Update_IMU_Data  imu_compensate.o
    0x08003fb4   0x08003fb4   0x0000076c   Code   RO         9488    i.HAL_imu_ahrs_update  dji_aimu.o
    0x08004720   0x08004720   0x0000038c   Code   RO         9489    i.HAL_imu_attitude_update  dji_aimu.o
    0x08004aac   0x08004aac   0x00000170   Code   RO         9490    i.HAL_mpu_get_data  dji_aimu.o
    0x08004c1c   0x08004c1c   0x00000004   Code   RO          627    i.HardFault_Handler  stm32f4xx_it.o
    0x08004c20   0x08004c20   0x0000010a   Code   RO         9663    i.IMUTemp_Position_PID  imu_compensate.o
    0x08004d2a   0x08004d2a   0x00000002   PAD
    0x08004d2c   0x08004d2c   0x00000118   Code   RO         9491    i.IMU_Cali_Slove    dji_aimu.o
    0x08004e44   0x08004e44   0x00000020   Code   RO         9664    i.IMU_GetData_Compensate  imu_compensate.o
    0x08004e64   0x08004e64   0x00000164   Code   RO         9492    i.IMU_data_read_over  dji_aimu.o
    0x08004fc8   0x08004fc8   0x000000c0   Code   RO         9665    i.IMU_temp_Control  imu_compensate.o
    0x08005088   0x08005088   0x00000040   Code   RO        10596    i.KalmanCreate      kalman_filter.o
    0x080050c8   0x080050c8   0x00000086   Code   RO        10597    i.KalmanFilter      kalman_filter.o
    0x0800514e   0x0800514e   0x00000002   PAD
    0x08005150   0x08005150   0x00000070   Code   RO          338    i.MX_ADC1_Init      adc.o
    0x080051c0   0x080051c0   0x00000048   Code   RO          380    i.MX_CAN1_Init      can.o
    0x08005208   0x08005208   0x00000048   Code   RO          381    i.MX_CAN2_Init      can.o
    0x08005250   0x08005250   0x00000088   Code   RO          427    i.MX_DMA_Init       dma.o
    0x080052d8   0x080052d8   0x00000028   Code   RO          283    i.MX_FREERTOS_Init  freertos.o
    0x08005300   0x08005300   0x00000140   Code   RO          259    i.MX_GPIO_Init      gpio.o
    0x08005440   0x08005440   0x00000044   Code   RO          453    i.MX_SPI1_Init      spi.o
    0x08005484   0x08005484   0x00000044   Code   RO          454    i.MX_SPI5_Init      spi.o
    0x080054c8   0x080054c8   0x00000090   Code   RO          504    i.MX_TIM12_Init     tim.o
    0x08005558   0x08005558   0x0000007c   Code   RO          505    i.MX_TIM3_Init      tim.o
    0x080055d4   0x080055d4   0x00000040   Code   RO          567    i.MX_USART1_UART_Init  usart.o
    0x08005614   0x08005614   0x00000038   Code   RO          568    i.MX_USART3_UART_Init  usart.o
    0x0800564c   0x0800564c   0x00000038   Code   RO          569    i.MX_USART6_UART_Init  usart.o
    0x08005684   0x08005684   0x00000004   Code   RO          628    i.MemManage_Handler  stm32f4xx_it.o
    0x08005688   0x08005688   0x00000002   Code   RO          629    i.NMI_Handler       stm32f4xx_it.o
    0x0800568a   0x0800568a   0x00000002   PAD
    0x0800568c   0x0800568c   0x00000054   Code   RO        10558    i.PVD_Config        bsp_pvd.o
    0x080056e0   0x080056e0   0x00000008   Code   RO          630    i.PVD_IRQHandler    stm32f4xx_it.o
    0x080056e8   0x080056e8   0x00000024   Code   RO         9666    i.Preserve_temp     imu_compensate.o
    0x0800570c   0x0800570c   0x0000006c   Code   RO         5915    i.RAMP_Output       ramp.o
    0x08005778   0x08005778   0x00000048   Code   RO         7315    i.Referee_Recv_Callback  communication.o
    0x080057c0   0x080057c0   0x0000006c   Code   RO         2736    i.SPI_EndRxTxTransaction  stm32f4xx_hal_spi.o
    0x0800582c   0x0800582c   0x000000a8   Code   RO         2741    i.SPI_WaitFlagStateUntilTimeout  stm32f4xx_hal_spi.o
    0x080058d4   0x080058d4   0x00000034   Code   RO         5684    i.SysTick_Handler   port.o
    0x08005908   0x08005908   0x000000b4   Code   RO           15    i.SystemClock_Config  main.o
    0x080059bc   0x080059bc   0x0000001c   Code   RO         4280    i.SystemInit        system_stm32f4xx.o
    0x080059d8   0x080059d8   0x0000011c   Code   RO         6855    i.System_Tasks_Init  task_init.o
    0x08005af4   0x08005af4   0x00000010   Code   RO          631    i.TIM6_DAC_IRQHandler  stm32f4xx_it.o
    0x08005b04   0x08005b04   0x000000d8   Code   RO         3099    i.TIM_Base_SetConfig  stm32f4xx_hal_tim.o
    0x08005bdc   0x08005bdc   0x00000022   Code   RO         3100    i.TIM_CCxChannelCmd  stm32f4xx_hal_tim.o
    0x08005bfe   0x08005bfe   0x00000016   Code   RO         3110    i.TIM_ETR_SetConfig  stm32f4xx_hal_tim.o
    0x08005c14   0x08005c14   0x00000012   Code   RO         3111    i.TIM_ITRx_SetConfig  stm32f4xx_hal_tim.o
    0x08005c26   0x08005c26   0x00000002   PAD
    0x08005c28   0x08005c28   0x00000070   Code   RO         3112    i.TIM_OC1_SetConfig  stm32f4xx_hal_tim.o
    0x08005c98   0x08005c98   0x0000007c   Code   RO         3113    i.TIM_OC2_SetConfig  stm32f4xx_hal_tim.o
    0x08005d14   0x08005d14   0x00000078   Code   RO         3114    i.TIM_OC3_SetConfig  stm32f4xx_hal_tim.o
    0x08005d8c   0x08005d8c   0x00000054   Code   RO         3115    i.TIM_OC4_SetConfig  stm32f4xx_hal_tim.o
    0x08005de0   0x08005de0   0x00000026   Code   RO         3117    i.TIM_TI1_ConfigInputStage  stm32f4xx_hal_tim.o
    0x08005e06   0x08005e06   0x00000028   Code   RO         3119    i.TIM_TI2_ConfigInputStage  stm32f4xx_hal_tim.o
    0x08005e2e   0x08005e2e   0x00000002   PAD
    0x08005e30   0x08005e30   0x00000058   Code   RO         6890    i.Task_CAN1_Recv    task_can.o
    0x08005e88   0x08005e88   0x000000dc   Code   RO         6891    i.Task_CAN2_Recv    task_can.o
    0x08005f64   0x08005f64   0x00000058   Code   RO         6970    i.Task_Control      task_control.o
    0x08005fbc   0x08005fbc   0x0000002c   Code   RO         7109    i.Task_DataSampling  task_imu.o
    0x08005fe8   0x08005fe8   0x00000016   Code   RO         7040    i.Task_Debug        task_debug.o
    0x08005ffe   0x08005ffe   0x00000002   PAD
    0x08006000   0x08006000   0x00000044   Code   RO         7080    i.Task_DevicesMonitor  task_monitor.o
    0x08006044   0x08006044   0x00000060   Code   RO         7003    i.Task_RefereeRecv  task_referee.o
    0x080060a4   0x080060a4   0x00000014   Code   RO         3986    i.UART_DMAAbortOnError  stm32f4xx_hal_uart.o
    0x080060b8   0x080060b8   0x00000050   Code   RO         3987    i.UART_DMAError     stm32f4xx_hal_uart.o
    0x08006108   0x08006108   0x00000046   Code   RO         3988    i.UART_DMAReceiveCplt  stm32f4xx_hal_uart.o
    0x0800614e   0x0800614e   0x0000000e   Code   RO         3990    i.UART_DMARxHalfCplt  stm32f4xx_hal_uart.o
    0x0800615c   0x0800615c   0x00000020   Code   RO         3996    i.UART_EndRxTransfer  stm32f4xx_hal_uart.o
    0x0800617c   0x0800617c   0x00000020   Code   RO         3997    i.UART_EndTransmit_IT  stm32f4xx_hal_uart.o
    0x0800619c   0x0800619c   0x00000014   Code   RO         3998    i.UART_EndTxTransfer  stm32f4xx_hal_uart.o
    0x080061b0   0x080061b0   0x000000a6   Code   RO         3999    i.UART_Receive_IT   stm32f4xx_hal_uart.o
    0x08006256   0x08006256   0x00000002   PAD
    0x08006258   0x08006258   0x000003e8   Code   RO         4000    i.UART_SetConfig    stm32f4xx_hal_uart.o
    0x08006640   0x08006640   0x00000068   Code   RO         4001    i.UART_Transmit_IT  stm32f4xx_hal_uart.o
    0x080066a8   0x080066a8   0x00000018   Code   RO          632    i.USART1_IRQHandler  stm32f4xx_it.o
    0x080066c0   0x080066c0   0x00000018   Code   RO          633    i.USART3_IRQHandler  stm32f4xx_it.o
    0x080066d8   0x080066d8   0x00000010   Code   RO          634    i.USART6_IRQHandler  stm32f4xx_it.o
    0x080066e8   0x080066e8   0x000001c8   Code   RO         6151    i.Uart_Init         bsp_uart.o
    0x080068b0   0x080068b0   0x0000005c   Code   RO         6152    i.Uart_Receive_Handler  bsp_uart.o
    0x0800690c   0x0800690c   0x00000004   Code   RO          635    i.UsageFault_Handler  stm32f4xx_it.o
    0x08006910   0x08006910   0x00000030   Code   RO         7316    i.User_CAN1_RxCpltCallback  communication.o
    0x08006940   0x08006940   0x00000030   Code   RO         7317    i.User_CAN2_RxCpltCallback  communication.o
    0x08006970   0x08006970   0x00000014   Code   RO          284    i.User_SystemInit_Task  freertos.o
    0x08006984   0x08006984   0x000000ec   Code   RO         6450    i.User_System_Init  system_config.o
    0x08006a70   0x08006a70   0x0000005c   Code   RO         8892    i.Waterfall_LED     dev_led.o
    0x08006acc   0x08006acc   0x00000084   Code   RO         7919    i._Z10AngleLimitPf  control_chassis.o
    0x08006b50   0x08006b50   0x0000000e   Code   RO         7726    i._Z15Get_RefereeTimev  control_robot.o
    0x08006b5e   0x08006b5e   0x00000024   Code   RO         6272    i._Z16DeadZone_Processffff  dr16.o
    0x08006b82   0x08006b82   0x0000000e   Code   RO         6936    i._ZN10MotorSpeed12update_speedEPh  task_can.o
    0x08006b90   0x08006b90   0x0000004c   Code   RO         8202    i._ZN10MotorSpeedC2Eh  control_chassis.o
    0x08006bdc   0x08006bdc   0x00000008   Code   RO         6790    i._ZN10MotorSpeedD2Ev  system_datapool.o
    0x08006be4   0x08006be4   0x0000002a   Code   RO         6930    i._ZN11Motor_M35086updateEPh  task_can.o
    0x08006c0e   0x08006c0e   0x00000002   PAD
    0x08006c10   0x08006c10   0x00000024   Code   RO         8208    i._ZN11Motor_M3508C1Eh  control_chassis.o
    0x08006c34   0x08006c34   0x0000000e   Code   RO         6784    i._ZN11Motor_M3508D1Ev  system_datapool.o
    0x08006c42   0x08006c42   0x0000001a   Code   RO         8220    i._ZN11PositionPID11SetPIDParamEffffff  control_chassis.o
    0x08006c5c   0x08006c5c   0x0000023c   Code   RO         5760    i._ZN11PositionPID3CalEv  pid.o
    0x08006e98   0x08006e98   0x00000048   Code   RO         5761    i._ZN11PositionPID5ResetEv  pid.o
    0x08006ee0   0x08006ee0   0x000000b4   Code   RO         8244    i._ZN11PositionPIDC1Ev  control_chassis.o
    0x08006f94   0x08006f94   0x0000024c   Code   RO         5762    i._ZN12IncrementPID3CalEv  pid.o
    0x080071e0   0x080071e0   0x00000050   Code   RO         5763    i._ZN12IncrementPID5ResetEv  pid.o
    0x08007230   0x08007230   0x000000bc   Code   RO         8250    i._ZN12IncrementPIDC1Ev  control_chassis.o
    0x080072ec   0x080072ec   0x0000002a   Code   RO         6924    i._ZN12Motor_GM60206updateEPh  task_can.o
    0x08007316   0x08007316   0x00000002   PAD
    0x08007318   0x08007318   0x00000024   Code   RO         8214    i._ZN12Motor_GM6020C1Eh  control_chassis.o
    0x0800733c   0x0800733c   0x0000000e   Code   RO         6787    i._ZN12Motor_GM6020D1Ev  system_datapool.o
    0x0800734a   0x0800734a   0x00000040   Code   RO         6276    i._ZN13DR16_Classdef10IsKeyPressE9KeyList_e15KeyPress_Type_e  dr16.o
    0x0800738a   0x0800738a   0x00000002   PAD
    0x0800738c   0x0800738c   0x00000130   Code   RO         6277    i._ZN13DR16_Classdef11DataCaptureEP21DR16_DataPack_Typedef  dr16.o
    0x080074bc   0x080074bc   0x00000006   Code   RO         6278    i._ZN13DR16_Classdef11Get_DW_NormEv  dr16.o
    0x080074c2   0x080074c2   0x00000006   Code   RO         6279    i._ZN13DR16_Classdef11Get_LX_NormEv  dr16.o
    0x080074c8   0x080074c8   0x00000006   Code   RO         6280    i._ZN13DR16_Classdef11Get_LY_NormEv  dr16.o
    0x080074ce   0x080074ce   0x00000006   Code   RO         6281    i._ZN13DR16_Classdef11Get_RX_NormEv  dr16.o
    0x080074d4   0x080074d4   0x00000006   Code   RO         6282    i._ZN13DR16_Classdef11Get_RY_NormEv  dr16.o
    0x080074da   0x080074da   0x000000a4   Code   RO         6283    i._ZN13DR16_Classdef11Key_ProcessEv  dr16.o
    0x0800757e   0x0800757e   0x00000006   Code   RO         6286    i._ZN13DR16_Classdef15Get_MouseX_NormEv  dr16.o
    0x08007584   0x08007584   0x0000000c   Code   RO         6295    i._ZN13DR16_Classdef8Get_S1_LEv  dr16.o
    0x08007590   0x08007590   0x0000000c   Code   RO         6296    i._ZN13DR16_Classdef8Get_S2_REv  dr16.o
    0x0800759c   0x0800759c   0x0000004e   Code   RO         6298    i._ZN13DR16_ClassdefC1Ev  dr16.o
    0x080075ea   0x080075ea   0x0000001a   Code   RO         5813    i._ZN13LowPassFilter1fEf  filter.o
    0x08007604   0x08007604   0x0000000e   Code   RO         5814    i._ZN13LowPassFilter2inEf  filter.o
    0x08007612   0x08007612   0x00000022   Code   RO         5815    i._ZN13LowPassFilter3outEv  filter.o
    0x08007634   0x08007634   0x00000018   Code   RO         7686    i._ZN13LowPassFilterC1Ef  control_dr16.o
    0x0800764c   0x0800764c   0x00000006   Code   RO         7728    i._ZN14Robot_classdef14Get_CtrlSourceEv  control_robot.o
    0x08007652   0x08007652   0x00000002   PAD
    0x08007654   0x08007654   0x0000000c   Code   RO         7730    i._ZN14Robot_classdef14Set_GimbalModeE17Gimbal_CtrlMode_e  control_robot.o
    0x08007660   0x08007660   0x00000006   Code   RO         7732    i._ZN14Robot_classdef15Get_ChassisModeEv  control_robot.o
    0x08007666   0x08007666   0x00000002   PAD
    0x08007668   0x08007668   0x0000019c   Code   RO         7735    i._ZN14Robot_classdef15RefereeMsg_SendEPh  control_robot.o
    0x08007804   0x08007804   0x00000024   Code   RO         7736    i._ZN14Robot_classdef15Set_ChassisModeE15CHAS_CtrlMode_e  control_robot.o
    0x08007828   0x08007828   0x00000010   Code   RO         7739    i._ZN14Robot_classdef17CtrlSource_SwitchE18DR16Status_Typedef  control_robot.o
    0x08007838   0x08007838   0x00000006   Code   RO         7740    i._ZN14Robot_classdef18Get_ChassisPreModeEv  control_robot.o
    0x0800783e   0x0800783e   0x00000002   PAD
    0x08007840   0x08007840   0x00000030   Code   RO         7741    i._ZN14Robot_classdef18WriteMsgFromGimbalEhPh  control_robot.o
    0x08007870   0x08007870   0x00000014   Code   RO         7743    i._ZN14Robot_classdef6EnableEv  control_robot.o
    0x08007884   0x08007884   0x00000038   Code   RO         7745    i._ZN14Robot_classdef7ControlEv  control_robot.o
    0x080078bc   0x080078bc   0x0000002c   Code   RO         7746    i._ZN14Robot_classdef7DisableEv  control_robot.o
    0x080078e8   0x080078e8   0x000000ec   Code   RO         7747    i._ZN14Robot_classdef9DR16_SendEPh  control_robot.o
    0x080079d4   0x080079d4   0x00000006   Code   RO         7748    i._ZN14Robot_classdef9Get_StateEv  control_robot.o
    0x080079da   0x080079da   0x00000008   Code   RO         7749    i._ZN14Robot_classdefC1Ev  control_robot.o
    0x080079e2   0x080079e2   0x00000002   Code   RO         9145    i._ZN15Buzzer_classdefC1Ev  dev_buzzer.o
    0x080079e4   0x080079e4   0x00000078   Code   RO         8497    i._ZN15Gimbal_classdef15Get_TargetAngleE18GimbalMotor_type_e  control_gimbal.o
    0x08007a5c   0x08007a5c   0x00000014   Code   RO         8498    i._ZN15Gimbal_classdef15Get_YawDeviateCEf  control_gimbal.o
    0x08007a70   0x08007a70   0x0000006c   Code   RO         8499    i._ZN15Gimbal_classdef15Set_PitCtrlModeE18GimbalMotor_Ctrl_e  control_gimbal.o
    0x08007adc   0x08007adc   0x00000078   Code   RO         8500    i._ZN15Gimbal_classdef15Set_YawCtrlModeE18GimbalMotor_Ctrl_e  control_gimbal.o
    0x08007b54   0x08007b54   0x000001c0   Code   RO         8506    i._ZN15Gimbal_classdefC1Ev  control_gimbal.o
    0x08007d14   0x08007d14   0x00000018   Code   RO         6781    i._ZN15Gimbal_classdefD1Ev  system_datapool.o
    0x08007d2c   0x08007d2c   0x00000002   Code   RO         9314    i._ZN15SupCap_classdefC1Ev  dev_supcap.o
    0x08007d2e   0x08007d2e   0x00000002   PAD
    0x08007d30   0x08007d30   0x000000c0   Code   RO         7924    i._ZN16Chassis_classdef11DRV_PIDCalcEhff  control_chassis.o
    0x08007df0   0x08007df0   0x000001cc   Code   RO         7925    i._ZN16Chassis_classdef11Follow_CtrlEPfS0_S0_ht  control_chassis.o
    0x08007fbc   0x08007fbc   0x000000d8   Code   RO         7926    i._ZN16Chassis_classdef11RUD_PIDCalcEhff  control_chassis.o
    0x08008094   0x08008094   0x00000570   Code   RO         7927    i._ZN16Chassis_classdef12Rudder_SolveEsssPs  control_chassis.o
    0x08008604   0x08008604   0x000001e4   Code   RO         7928    i._ZN16Chassis_classdef12Set_MaxSpeedEv  control_chassis.o
    0x080087e8   0x080087e8   0x000005b0   Code   RO         7932    i._ZN16Chassis_classdef13RudAngle_CalcEsss  control_chassis.o
    0x08008d98   0x08008d98   0x0000022c   Code   RO         7933    i._ZN16Chassis_classdef13Sentry_FollowEPfS0_S0_ht  control_chassis.o
    0x08008fc4   0x08008fc4   0x0000002e   Code   RO         7934    i._ZN16Chassis_classdef13Set_RudMaxOutEt  control_chassis.o
    0x08008ff2   0x08008ff2   0x00000002   PAD
    0x08008ff4   0x08008ff4   0x00000010   Code   RO         7937    i._ZN16Chassis_classdef14Get_PowerLimitEv  control_chassis.o
    0x08009004   0x08009004   0x00000062   Code   RO         7941    i._ZN16Chassis_classdef15Speed_DecomposeEfPfS0_  control_chassis.o
    0x08009066   0x08009066   0x00000002   PAD
    0x08009068   0x08009068   0x000000e0   Code   RO         7943    i._ZN16Chassis_classdef16OverHeat_ProtectEh  control_chassis.o
    0x08009148   0x08009148   0x000001e0   Code   RO         7944    i._ZN16Chassis_classdef16Sentry_Spin_CtrlEPfS0_S0_  control_chassis.o
    0x08009328   0x08009328   0x00000050   Code   RO         7945    i._ZN16Chassis_classdef16Turn_InferiorArcEhff  control_chassis.o
    0x08009378   0x08009378   0x00000150   Code   RO         7947    i._ZN16Chassis_classdef18RUDTotalAngle_CalcEP12Motor_GM6020aah  control_chassis.o
    0x080094c8   0x080094c8   0x00000338   Code   RO         7948    i._ZN16Chassis_classdef19RUDTargetAngle_CalcEaah  control_chassis.o
    0x08009800   0x08009800   0x0000000c   Code   RO         7949    i._ZN16Chassis_classdef6IsMoveEv  control_chassis.o
    0x0800980c   0x0800980c   0x000000ec   Code   RO         7950    i._ZN16Chassis_classdef7ControlEv  control_chassis.o
    0x080098f8   0x080098f8   0x0000036c   Code   RO         7951    i._ZN16Chassis_classdef7ProcessEfff  control_chassis.o
    0x08009c64   0x08009c64   0x000000ea   Code   RO         7952    i._ZN16Chassis_classdef8Drv_SlowEPfffff  control_chassis.o
    0x08009d4e   0x08009d4e   0x00000002   PAD
    0x08009d50   0x08009d50   0x0000000c   Code   RO         7953    i._ZN16Chassis_classdef9Get_PowerEv  control_chassis.o
    0x08009d5c   0x08009d5c   0x000002bc   Code   RO         7954    i._ZN16Chassis_classdef9Spin_CtrlEPfS0_S0_h  control_chassis.o
    0x0800a018   0x0800a018   0x00000358   Code   RO         7955    i._ZN16Chassis_classdefC1Ev  control_chassis.o
    0x0800a370   0x0800a370   0x0000004c   Code   RO         6778    i._ZN16Chassis_classdefD1Ev  system_datapool.o
    0x0800a3bc   0x0800a3bc   0x00000050   Code   RO         9911    i._ZN16referee_Classdef13Calc_Robot_IDEh  referee_system.o
    0x0800a40c   0x0800a40c   0x000001b8   Code   RO         9914    i._ZN16referee_Classdef13RefereeHandleEPh  referee_system.o
    0x0800a5c4   0x0800a5c4   0x000001fc   Code   RO         9924    i._ZN16referee_Classdef16unPackDataFromRFEPhj  referee_system.o
    0x0800a7c0   0x0800a7c0   0x00000024   Code   RO         9930    i._ZN16referee_Classdef18Get_CRC8_Check_SumEPhjh  referee_system.o
    0x0800a7e4   0x0800a7e4   0x00000034   Code   RO         9934    i._ZN16referee_Classdef19Get_CRC16_Check_SumEPhjt  referee_system.o
    0x0800a818   0x0800a818   0x00000054   Code   RO         9948    i._ZN16referee_Classdef22RobotInteractiveHandleEP24robot_interactive_data_t  referee_system.o
    0x0800a86c   0x0800a86c   0x0000000c   Code   RO         9955    i._ZN16referee_Classdef4InitEP20__UART_HandleTypeDefPFjvE  referee_system.o
    0x0800a878   0x0800a878   0x00000006   Code   RO         7599    i._ZN18CTRL_DR16_classdef10Get_ExptVwEv  control_dr16.o
    0x0800a87e   0x0800a87e   0x00000002   PAD
    0x0800a880   0x0800a880   0x000002e4   Code   RO         7605    i._ZN18CTRL_DR16_classdef13PCCtrl_UpdateEv  control_dr16.o
    0x0800ab64   0x0800ab64   0x000001e8   Code   RO         7606    i._ZN18CTRL_DR16_classdef13RCCtrl_UpdateEv  control_dr16.o
    0x0800ad4c   0x0800ad4c   0x00000188   Code   RO         7608    i._ZN18CTRL_DR16_classdef16LeverMode_UpdateEv  control_dr16.o
    0x0800aed4   0x0800aed4   0x0000005c   Code   RO         7609    i._ZN18CTRL_DR16_classdef17CTRLSource_UpdateEv  control_dr16.o
    0x0800af30   0x0800af30   0x0000007c   Code   RO         7610    i._ZN18CTRL_DR16_classdefC1Ev  control_dr16.o
    0x0800afac   0x0800afac   0x00000014   Code   RO         6775    i._ZN18CTRL_DR16_classdefD1Ev  system_datapool.o
    0x0800afc0   0x0800afc0   0x0000007c   Code   RO         8671    i._ZN19CHAS_Power_classdef10Limit_CalcEv  chassis_power.o
    0x0800b03c   0x0800b03c   0x00000270   Code   RO         8674    i._ZN19CHAS_Power_classdef5LimitEPsa  chassis_power.o
    0x0800b2ac   0x0800b2ac   0x00000044   Code   RO         8676    i._ZN19CHAS_Power_classdefC1Ev  chassis_power.o
    0x0800b2f0   0x0800b2f0   0x00000002   Code   RO        10443    i._ZN19PowerMeter_classdefC1Ev  power_meter.o
    0x0800b2f2   0x0800b2f2   0x00000004   Code   RO         9755    i._ZN20SerialDebug_classdef9Uart_InitEP20__UART_HandleTypeDef  serialdebug.o
    0x0800b2f6   0x0800b2f6   0x00000002   PAD
    0x0800b2f8   0x0800b2f8   0x00000038   Code   RO         9756    i._ZN20SerialDebug_classdefC1Ev  serialdebug.o
    0x0800b330   0x0800b330   0x0000000e   Code   RO         7522    i._ZN23DevicesMonitor_classdef11Frame_DetecEtt  devices_monitor.o
    0x0800b33e   0x0800b33e   0x00000002   PAD
    0x0800b340   0x0800b340   0x00000050   Code   RO         7523    i._ZN23DevicesMonitor_classdef13Devices_DetecEv  devices_monitor.o
    0x0800b390   0x0800b390   0x0000000c   Code   RO         7524    i._ZN23DevicesMonitor_classdef6UpdateE11FrameType_e  devices_monitor.o
    0x0800b39c   0x0800b39c   0x00000070   Code   RO         7525    i._ZN23DevicesMonitor_classdef7Get_FPSEP11WorldTime_tPt  devices_monitor.o
    0x0800b40c   0x0800b40c   0x00000030   Code   RO         7526    i._ZN23DevicesMonitor_classdef9Get_StateEj  devices_monitor.o
    0x0800b43c   0x0800b43c   0x0000002e   Code   RO         8942    i._ZN34_INTERNAL_12_Dev_OLED_cpp_a9dba1db12oled_set_posEhh  dev_oled.o
    0x0800b46a   0x0800b46a   0x00000002   PAD
    0x0800b46c   0x0800b46c   0x000000cc   Code   RO         6917    i._ZN9MotorBase12update_angleEPh  task_can.o
    0x0800b538   0x0800b538   0x0000000e   Code   RO         8238    i._ZNK10MotorSpeed8getSpeedEv  control_chassis.o
    0x0800b546   0x0800b546   0x00000002   PAD
    0x0800b548   0x0800b548   0x0000000c   Code   RO         8363    i._ZNK11Motor_M350811MAX_CURRENTEv  control_chassis.o
    0x0800b554   0x0800b554   0x00000008   Code   RO         8351    i._ZNK11Motor_M350811SEND_ID_LOWEv  control_chassis.o
    0x0800b55c   0x0800b55c   0x00000008   Code   RO         8357    i._ZNK11Motor_M350812SEND_ID_HIGHEv  control_chassis.o
    0x0800b564   0x0800b564   0x0000000c   Code   RO         8390    i._ZNK12Motor_GM602011MAX_CURRENTEv  control_chassis.o
    0x0800b570   0x0800b570   0x00000008   Code   RO         8378    i._ZNK12Motor_GM602011SEND_ID_LOWEv  control_chassis.o
    0x0800b578   0x0800b578   0x00000008   Code   RO         8384    i._ZNK12Motor_GM602012SEND_ID_HIGHEv  control_chassis.o
    0x0800b580   0x0800b580   0x0000000c   Code   RO         8232    i._ZNK9MotorBase10getencoderEv  control_chassis.o
    0x0800b58c   0x0800b58c   0x0000000a   Code   RO         8615    i._ZNK9MotorBase16get_totalencoderEv  control_gimbal.o
    0x0800b596   0x0800b596   0x00000002   PAD
    0x0800b598   0x0800b598   0x0000000c   Code   RO         8330    i._ZNK9MotorBase19ENCODER_ANGLE_RATIOEv  control_chassis.o
    0x0800b5a4   0x0800b5a4   0x00000006   Code   RO         8226    i._ZNK9MotorBase8getAngleEv  control_chassis.o
    0x0800b5aa   0x0800b5aa   0x0000000a   Code   RO         8280    i._ZSt3absf         control_chassis.o
    0x0800b5b4   0x0800b5b4   0x00000022   Code   RO         8262    i._ZSt3powfi        control_chassis.o
    0x0800b5d6   0x0800b5d6   0x0000000a   Code   RO         8256    i._ZSt4fabsf        control_chassis.o
    0x0800b5e0   0x0800b5e0   0x00000018   Code   RO         8268    i._ZSt4sqrtf        control_chassis.o
    0x0800b5f8   0x0800b5f8   0x00000020   Code   RO         8274    i._ZSt5atan2ff      control_chassis.o
    0x0800b618   0x0800b618   0x00000030   Code   RO        11655    i.__ARM_fpclassify  m_wm.l(fpclassify.o)
    0x0800b648   0x0800b648   0x00000026   Code   RO        11657    i.__ARM_fpclassifyf  m_wm.l(fpclassifyf.o)
    0x0800b66e   0x0800b66e   0x00000002   PAD
    0x0800b670   0x0800b670   0x00000010   Code   RO         2061    i.__NVIC_GetPriorityGrouping  stm32f4xx_hal_cortex.o
    0x0800b680   0x0800b680   0x00000028   Code   RO         2062    i.__NVIC_SetPriority  stm32f4xx_hal_cortex.o
    0x0800b6a8   0x0800b6a8   0x00000024   Code   RO        11210    i.__aeabi_vec_ctor_nocookie_nodtor  cpprt_w.l(aeabi_vec_ctor_nocookie_nodtor.o)
    0x0800b6cc   0x0800b6cc   0x00000010   Code   RO        11098    i.__cxa_guard_acquire  cpprt_w.l(cxa_guard_acquire.o)
    0x0800b6dc   0x0800b6dc   0x00000004   PAD
    0x0800b6e0   0x0800b6e0   0x00000360   Code   RO        11264    i.__hardfp_asin     m_wm.l(asin.o)
    0x0800ba40   0x0800ba40   0x000002d8   Code   RO        11290    i.__hardfp_atan     m_wm.l(atan.o)
    0x0800bd18   0x0800bd18   0x00000200   Code   RO        11304    i.__hardfp_atan2    m_wm.l(atan2.o)
    0x0800bf18   0x0800bf18   0x000002ac   Code   RO        11316    i.__hardfp_atan2f   m_wm.l(atan2f.o)
    0x0800c1c4   0x0800c1c4   0x00000014   Code   RO        11328    i.__hardfp_fabs     m_wm.l(fabs.o)
    0x0800c1d8   0x0800c1d8   0x00000664   Code   RO        11348    i.__hardfp_powf     m_wm.l(powf.o)
    0x0800c83c   0x0800c83c   0x0000007a   Code   RO        11374    i.__hardfp_sqrt     m_wm.l(sqrt_full.o)
    0x0800c8b6   0x0800c8b6   0x0000003a   Code   RO        11380    i.__hardfp_sqrtf    m_wm.l(sqrtf_full.o)
    0x0800c8f0   0x0800c8f0   0x000000f8   Code   RO        11673    i.__kernel_poly     m_wm.l(poly.o)
    0x0800c9e8   0x0800c9e8   0x00000014   Code   RO        11642    i.__mathlib_dbl_infnan  m_wm.l(dunder.o)
    0x0800c9fc   0x0800c9fc   0x00000014   Code   RO        11643    i.__mathlib_dbl_infnan2  m_wm.l(dunder.o)
    0x0800ca10   0x0800ca10   0x00000020   Code   RO        11644    i.__mathlib_dbl_invalid  m_wm.l(dunder.o)
    0x0800ca30   0x0800ca30   0x00000020   Code   RO        11647    i.__mathlib_dbl_underflow  m_wm.l(dunder.o)
    0x0800ca50   0x0800ca50   0x00000014   Code   RO        11659    i.__mathlib_flt_divzero  m_wm.l(funder.o)
    0x0800ca64   0x0800ca64   0x00000006   Code   RO        11661    i.__mathlib_flt_infnan2  m_wm.l(funder.o)
    0x0800ca6a   0x0800ca6a   0x00000002   PAD
    0x0800ca6c   0x0800ca6c   0x00000010   Code   RO        11662    i.__mathlib_flt_invalid  m_wm.l(funder.o)
    0x0800ca7c   0x0800ca7c   0x00000010   Code   RO        11663    i.__mathlib_flt_overflow  m_wm.l(funder.o)
    0x0800ca8c   0x0800ca8c   0x00000010   Code   RO        11665    i.__mathlib_flt_underflow  m_wm.l(funder.o)
    0x0800ca9c   0x0800ca9c   0x00000010   Code   RO         9146    i.__sti___14_Dev_Buzzer_cpp_Buzzer  dev_buzzer.o
    0x0800caac   0x0800caac   0x00000010   Code   RO         9757    i.__sti___15_SerialDebug_cpp_955582f0  serialdebug.o
    0x0800cabc   0x0800cabc   0x00000010   Code   RO         7956    i.__sti___19_Control_Chassis_cpp_55f62708  control_chassis.o
    0x0800cacc   0x0800cacc   0x000000ac   Code   RO         6754    i.__sti___19_System_DataPool_cpp_DR16  system_datapool.o
    0x0800cb78   0x0800cb78   0x00000010   Code   RO        11292    i.atan              m_wm.l(atan.o)
    0x0800cb88   0x0800cb88   0x00000018   Code   RO        11330    i.fabs              m_wm.l(fabs.o)
    0x0800cba0   0x0800cba0   0x00000014   Code   RO         6219    i.flash_read        bsp_flash.o
    0x0800cbb4   0x0800cbb4   0x0000000c   Code   RO         9668    i.get_control_temperate  imu_compensate.o
    0x0800cbc0   0x0800cbc0   0x000002c4   Code   RO         9493    i.init_quaternion   dji_aimu.o
    0x0800ce84   0x0800ce84   0x0000003c   Code   RO         9494    i.inv_sqrt          dji_aimu.o
    0x0800cec0   0x0800cec0   0x00000010   Code   RO         9495    i.ist8310_get_data  dji_aimu.o
    0x0800ced0   0x0800ced0   0x00000100   Code   RO         9496    i.ist8310_init      dji_aimu.o
    0x0800cfd0   0x0800cfd0   0x0000003a   Code   RO         9497    i.ist_reg_read_by_mpu  dji_aimu.o
    0x0800d00a   0x0800d00a   0x00000040   Code   RO         9498    i.ist_reg_write_by_mpu  dji_aimu.o
    0x0800d04a   0x0800d04a   0x00000002   PAD
    0x0800d04c   0x0800d04c   0x0000005c   Code   RO           16    i.main              main.o
    0x0800d0a8   0x0800d0a8   0x0000000e   Code   RO         5252    i.makeFreeRtosPriority  cmsis_os.o
    0x0800d0b6   0x0800d0b6   0x00000002   PAD
    0x0800d0b8   0x0800d0b8   0x00000070   Code   RO         9499    i.mpu_device_init   dji_aimu.o
    0x0800d128   0x0800d128   0x000000c4   Code   RO         9500    i.mpu_get_data      dji_aimu.o
    0x0800d1ec   0x0800d1ec   0x0000008c   Code   RO         9501    i.mpu_master_i2c_auto_read_config  dji_aimu.o
    0x0800d278   0x0800d278   0x0000003c   Code   RO         9503    i.mpu_offset_fetch  dji_aimu.o
    0x0800d2b4   0x0800d2b4   0x00000054   Code   RO         9504    i.mpu_read_byte     dji_aimu.o
    0x0800d308   0x0800d308   0x00000068   Code   RO         9505    i.mpu_read_bytes    dji_aimu.o
    0x0800d370   0x0800d370   0x00000010   Code   RO         9506    i.mpu_set_accel_fsr  dji_aimu.o
    0x0800d380   0x0800d380   0x00000010   Code   RO         9507    i.mpu_set_gyro_fsr  dji_aimu.o
    0x0800d390   0x0800d390   0x00000058   Code   RO         9508    i.mpu_write_byte    dji_aimu.o
    0x0800d3e8   0x0800d3e8   0x00000054   Code   RO         8944    i.oled_clear        dev_oled.o
    0x0800d43c   0x0800d43c   0x0000011c   Code   RO         8949    i.oled_init         dev_oled.o
    0x0800d558   0x0800d558   0x00000034   Code   RO         8955    i.oled_write_byte   dev_oled.o
    0x0800d58c   0x0800d58c   0x0000000a   Code   RO         5257    i.osKernelStart     cmsis_os.o
    0x0800d596   0x0800d596   0x0000005e   Code   RO         5291    i.osThreadCreate    cmsis_os.o
    0x0800d5f4   0x0800d5f4   0x0000000e   Code   RO         5300    i.osThreadTerminate  cmsis_os.o
    0x0800d602   0x0800d602   0x00000002   PAD
    0x0800d604   0x0800d604   0x00000098   Code   RO         4926    i.prvAddCurrentTaskToDelayedList  tasks.o
    0x0800d69c   0x0800d69c   0x000000b4   Code   RO         4927    i.prvAddNewTaskToReadyList  tasks.o
    0x0800d750   0x0800d750   0x00000048   Code   RO         4928    i.prvCheckTasksWaitingTermination  tasks.o
    0x0800d798   0x0800d798   0x0000002a   Code   RO         4592    i.prvCopyDataFromQueue  queue.o
    0x0800d7c2   0x0800d7c2   0x0000007e   Code   RO         4593    i.prvCopyDataToQueue  queue.o
    0x0800d840   0x0800d840   0x00000050   Code   RO         4929    i.prvDeleteTCB      tasks.o
    0x0800d890   0x0800d890   0x0000007c   Code   RO         5622    i.prvHeapInit       heap_4.o
    0x0800d90c   0x0800d90c   0x00000028   Code   RO         4930    i.prvIdleTask       tasks.o
    0x0800d934   0x0800d934   0x00000026   Code   RO         4596    i.prvInitialiseNewQueue  queue.o
    0x0800d95a   0x0800d95a   0x000000b4   Code   RO         4931    i.prvInitialiseNewTask  tasks.o
    0x0800da0e   0x0800da0e   0x00000002   PAD
    0x0800da10   0x0800da10   0x00000068   Code   RO         4932    i.prvInitialiseTaskLists  tasks.o
    0x0800da78   0x0800da78   0x00000068   Code   RO         5623    i.prvInsertBlockIntoFreeList  heap_4.o
    0x0800dae0   0x0800dae0   0x0000001a   Code   RO         4597    i.prvIsQueueEmpty   queue.o
    0x0800dafa   0x0800dafa   0x00000002   PAD
    0x0800dafc   0x0800dafc   0x00000034   Code   RO         4933    i.prvResetNextTaskUnblockTime  tasks.o
    0x0800db30   0x0800db30   0x00000040   Code   RO         5685    i.prvTaskExitError  port.o
    0x0800db70   0x0800db70   0x0000007e   Code   RO         4599    i.prvUnlockQueue    queue.o
    0x0800dbee   0x0800dbee   0x00000002   PAD
    0x0800dbf0   0x0800dbf0   0x0000013c   Code   RO         5624    i.pvPortMalloc      heap_4.o
    0x0800dd2c   0x0800dd2c   0x0000002c   Code   RO         5686    i.pxPortInitialiseStack  port.o
    0x0800dd58   0x0800dd58   0x0000006e   Code   RO        11376    i.sqrt              m_wm.l(sqrt_full.o)
    0x0800ddc6   0x0800ddc6   0x00000028   Code   RO         4552    i.uxListRemove      list.o
    0x0800ddee   0x0800ddee   0x00000002   PAD
    0x0800ddf0   0x0800ddf0   0x00000018   Code   RO          285    i.vApplicationGetIdleTaskMemory  freertos.o
    0x0800de08   0x0800de08   0x0000001a   Code   RO         4553    i.vListInitialise   list.o
    0x0800de22   0x0800de22   0x00000006   Code   RO         4554    i.vListInitialiseItem  list.o
    0x0800de28   0x0800de28   0x00000034   Code   RO         4555    i.vListInsert       list.o
    0x0800de5c   0x0800de5c   0x00000018   Code   RO         4556    i.vListInsertEnd    list.o
    0x0800de74   0x0800de74   0x00000054   Code   RO         5688    i.vPortEnterCritical  port.o
    0x0800dec8   0x0800dec8   0x0000003c   Code   RO         5689    i.vPortExitCritical  port.o
    0x0800df04   0x0800df04   0x00000094   Code   RO         5625    i.vPortFree         heap_4.o
    0x0800df98   0x0800df98   0x00000028   Code   RO         5690    i.vPortSetupTimerInterrupt  port.o
    0x0800dfc0   0x0800dfc0   0x00000078   Code   RO         5691    i.vPortValidateInterruptPriority  port.o
    0x0800e038   0x0800e038   0x000000d4   Code   RO         4942    i.vTaskDelayUntil   tasks.o
    0x0800e10c   0x0800e10c   0x000000f4   Code   RO         4943    i.vTaskDelete       tasks.o
    0x0800e200   0x0800e200   0x00000018   Code   RO         4945    i.vTaskInternalSetTimeOutState  tasks.o
    0x0800e218   0x0800e218   0x0000000c   Code   RO         4946    i.vTaskMissedYield  tasks.o
    0x0800e224   0x0800e224   0x00000038   Code   RO         4948    i.vTaskPlaceOnEventList  tasks.o
    0x0800e25c   0x0800e25c   0x000000b0   Code   RO         4955    i.vTaskStartScheduler  tasks.o
    0x0800e30c   0x0800e30c   0x00000010   Code   RO         4957    i.vTaskSuspendAll   tasks.o
    0x0800e31c   0x0800e31c   0x0000008c   Code   RO         4958    i.vTaskSwitchContext  tasks.o
    0x0800e3a8   0x0800e3a8   0x00000168   Code   RO         5692    i.xPortStartScheduler  port.o
    0x0800e510   0x0800e510   0x00000060   Code   RO         4608    i.xQueueGenericCreate  queue.o
    0x0800e570   0x0800e570   0x00000098   Code   RO         4610    i.xQueueGenericReset  queue.o
    0x0800e608   0x0800e608   0x000000f8   Code   RO         4612    i.xQueueGenericSendFromISR  queue.o
    0x0800e700   0x0800e700   0x00000168   Code   RO         4618    i.xQueueReceive     queue.o
    0x0800e868   0x0800e868   0x0000008c   Code   RO         4959    i.xTaskCheckForTimeOut  tasks.o
    0x0800e8f4   0x0800e8f4   0x00000064   Code   RO         4960    i.xTaskCreate       tasks.o
    0x0800e958   0x0800e958   0x000000ba   Code   RO         4961    i.xTaskCreateStatic  tasks.o
    0x0800ea12   0x0800ea12   0x00000002   PAD
    0x0800ea14   0x0800ea14   0x00000168   Code   RO         4963    i.xTaskGenericNotifyFromISR  tasks.o
    0x0800eb7c   0x0800eb7c   0x00000020   Code   RO         4965    i.xTaskGetSchedulerState  tasks.o
    0x0800eb9c   0x0800eb9c   0x0000000c   Code   RO         4966    i.xTaskGetTickCount  tasks.o
    0x0800eba8   0x0800eba8   0x00000148   Code   RO         4968    i.xTaskIncrementTick  tasks.o
    0x0800ecf0   0x0800ecf0   0x000000a0   Code   RO         4970    i.xTaskNotifyWait   tasks.o
    0x0800ed90   0x0800ed90   0x000000c8   Code   RO         4971    i.xTaskPriorityDisinherit  tasks.o
    0x0800ee58   0x0800ee58   0x00000098   Code   RO         4973    i.xTaskRemoveFromEventList  tasks.o
    0x0800eef0   0x0800eef0   0x00000104   Code   RO         4974    i.xTaskResumeAll    tasks.o
    0x0800eff4   0x0800eff4   0x0000014a   Code   RO         8172    t._Z12MotorMsgSendI11Motor_M3508Li4EEvP19__CAN_HandleTypeDefRAT0__T_  control_chassis.o
    0x0800f13e   0x0800f13e   0x0000014a   Code   RO         8180    t._Z12MotorMsgSendI12Motor_GM6020Li4EEvP19__CAN_HandleTypeDefRAT0__T_  control_chassis.o
    0x0800f288   0x0800f288   0x00000028   Code   RO         5794    t._Z14_pid_ConstrainIfEvPT_S0_S0_  pid.o
    0x0800f2b0   0x0800f2b0   0x00000028   Code   RO         8165    t._Z16_motor_ConstrainIfEvPT_S0_S0_  control_chassis.o
    0x0800f2d8   0x0800f2d8   0x00000010   Code   RO         8195    t._Z3absIsET_S0_    control_chassis.o
    0x0800f2e8   0x0800f2e8   0x0000001a   Code   RO         5787    t._Z8_pid_AbsIfET_S0_  pid.o
    0x0800f302   0x0800f302   0x00000028   Code   RO         5947    t._Z9ConstrainIfEvPT_S0_S0_  ramp.o
    0x0800f32a   0x0800f32a   0x00000018   Code   RO         8188    t._Z9ConstrainIsEvPT_S0_S0_  control_chassis.o
    0x0800f342   0x0800f342   0x00000018   Code   RO        11216    x$fpl$basic         g_wm.l(basic.o)
    0x0800f35a   0x0800f35a   0x00000002   PAD
    0x0800f35c   0x0800f35c   0x000002c4   Code   RO        11218    x$fpl$d2f           g_wm.l(d2f_clz.o)
    0x0800f620   0x0800f620   0x0000024c   Code   RO        11220    x$fpl$dadd          g_wm.l(daddsub_clz.o)
    0x0800f86c   0x0800f86c   0x00000018   Code   RO        11612    x$fpl$dcmpinf       g_wm.l(dcmpi.o)
    0x0800f884   0x0800f884   0x0000037c   Code   RO        11227    x$fpl$ddiv          g_wm.l(ddiv_clz.o)
    0x0800fc00   0x0800fc00   0x00000074   Code   RO        11614    x$fpl$deqf          g_wm.l(deqf.o)
    0x0800fc74   0x0800fc74   0x000000dc   Code   RO        11230    x$fpl$dfixu         g_wm.l(dfixu.o)
    0x0800fd50   0x0800fd50   0x0000002e   Code   RO        11235    x$fpl$dflt          g_wm.l(dflt_clz.o)
    0x0800fd7e   0x0800fd7e   0x0000001a   Code   RO        11236    x$fpl$dfltn         g_wm.l(dflt_clz.o)
    0x0800fd98   0x0800fd98   0x00000026   Code   RO        11234    x$fpl$dfltu         g_wm.l(dflt_clz.o)
    0x0800fdbe   0x0800fdbe   0x00000002   PAD
    0x0800fdc0   0x0800fdc0   0x00000078   Code   RO        11240    x$fpl$dleqf         g_wm.l(dleqf.o)
    0x0800fe38   0x0800fe38   0x000001c0   Code   RO        11242    x$fpl$dmul          g_wm.l(dmul_clz.o)
    0x0800fff8   0x0800fff8   0x00000102   Code   RO        11616    x$fpl$dnaninf       g_wm.l(dnaninf.o)
    0x080100fa   0x080100fa   0x00000070   Code   RO        11618    x$fpl$drenorm       g_wm.l(drenorm_clz.o)
    0x0801016a   0x0801016a   0x0000000c   Code   RO        11620    x$fpl$dretinf       g_wm.l(dretinf.o)
    0x08010176   0x08010176   0x00000062   Code   RO        11244    x$fpl$drleqf        g_wm.l(drleqf.o)
    0x080101d8   0x080101d8   0x00000050   Code   RO        11221    x$fpl$drsb          g_wm.l(daddsub_clz.o)
    0x08010228   0x08010228   0x00000208   Code   RO        11622    x$fpl$dsqrt         g_wm.l(dsqrt_umaalclz.o)
    0x08010430   0x08010430   0x0000029c   Code   RO        11222    x$fpl$dsub          g_wm.l(daddsub_clz.o)
    0x080106cc   0x080106cc   0x0000017a   Code   RO        11624    x$fpl$dunder        g_wm.l(dunder_clz.o)
    0x08010846   0x08010846   0x00000002   PAD
    0x08010848   0x08010848   0x000001ec   Code   RO        11626    x$fpl$exception     g_wm.l(except.o)
    0x08010a34   0x08010a34   0x0000007a   Code   RO        11246    x$fpl$f2d           g_wm.l(f2d.o)
    0x08010aae   0x08010aae   0x0000009e   Code   RO        11248    x$fpl$ffltll        g_wm.l(ffltll_clz.o)
    0x08010b4c   0x08010b4c   0x000000f2   Code   RO        11628    x$fpl$fnaninf       g_wm.l(fnaninf.o)
    0x08010c3e   0x08010c3e   0x0000000a   Code   RO        11826    x$fpl$fpinit        g_wm.l(fpinit.o)
    0x08010c48   0x08010c48   0x0000000a   Code   RO        11630    x$fpl$fretinf       g_wm.l(fretinf.o)
    0x08010c52   0x08010c52   0x0000013c   Code   RO        11632    x$fpl$funder        g_wm.l(funder_clz.o)
    0x08010d8e   0x08010d8e   0x00000002   PAD
    0x08010d90   0x08010d90   0x00000020   Code   RO        11634    x$fpl$ieeestatus    g_wm.l(istatus.o)
    0x08010db0   0x08010db0   0x000000b2   Code   RO        11828    x$fpl$retnan        g_wm.l(retnan.o)
    0x08010e62   0x08010e62   0x0000007e   Code   RO        11638    x$fpl$trapveneer    g_wm.l(trapv.o)
    0x08010ee0   0x08010ee0   0x00000000   Code   RO        11640    x$fpl$usenofp       g_wm.l(usenofp.o)
    0x08010ee0   0x08010ee0   0x0000001c   Data   RO          287    .constdata          freertos.o
    0x08010efc   0x08010efc   0x00000008   Data   RO         1760    .constdata          stm32f4xx_hal_dma.o
    0x08010f04   0x08010f04   0x00000018   Data   RO         4283    .constdata          system_stm32f4xx.o
    0x08010f1c   0x08010f1c   0x00000087   Data   RO         6757    .constdata          system_datapool.o
    0x08010fa3   0x08010fa3   0x00000001   PAD
    0x08010fa4   0x08010fa4   0x00000014   Data   RO         9510    .constdata          dji_aimu.o
    0x08010fb8   0x08010fb8   0x0000006e   Data   RO         9767    .constdata          serialdebug.o
    0x08011026   0x08011026   0x00000300   Data   RO        10034    .constdata          referee_system.o
    0x08011326   0x08011326   0x00000002   PAD
    0x08011328   0x08011328   0x00000804   Data   RO        11009    .constdata          arm_cortexM4lf_math.lib(arm_common_tables.o)
    0x08011b2c   0x08011b2c   0x00000004   PAD
    0x08011b30   0x08011b30   0x00000050   Data   RO        11267    .constdata          m_wm.l(asin.o)
    0x08011b80   0x08011b80   0x00000098   Data   RO        11293    .constdata          m_wm.l(atan.o)
    0x08011c18   0x08011c18   0x00000140   Data   RO        11351    .constdata          m_wm.l(powf.o)
    0x08011d58   0x08011d58   0x00000008   Data   RO        11675    .constdata          m_wm.l(qnan.o)
    0x08011d60   0x08011d60   0x0000002c   Data   RO         8289    .constdata__ZTV10MotorSpeed  control_chassis.o
    0x08011d8c   0x08011d8c   0x00000034   Data   RO         8291    .constdata__ZTV11Motor_M3508  control_chassis.o
    0x08011dc0   0x08011dc0   0x00000038   Data   RO         8293    .constdata__ZTV12Motor_GM6020  control_chassis.o
    0x08011df8   0x08011df8   0x00000028   Data   RO         8287    .constdata__ZTV9MotorBase  control_chassis.o
    0x08011e20   0x08011e20   0x0000000e   Data   RO          288    .conststring        freertos.o
    0x08011e2e   0x08011e2e   0x00000002   PAD
    0x08011e30   0x08011e30   0x00000020   Data   RO        11942    Region$$Table       anon$$obj.o
    0x08011e50   0x08011e50   0x00000004   Data   RO         6759    .init_array         system_datapool.o
    0x08011e54   0x08011e50   0x00000004   Data   RO         7997    .init_array         control_chassis.o
    0x08011e58   0x08011e50   0x00000004   Data   RO         9153    .init_array         dev_buzzer.o
    0x08011e5c   0x08011e50   0x00000004   Data   RO         9768    .init_array         serialdebug.o
    0x08011e60   0x08011e50   0x00000000   Data   RO        11087    .init_array         c_w.l(init_aeabi.o)


    Execution Region RW_IRAM2 (Exec base: 0x10000000, Load base: 0x0801216c, Size: 0x00000000, Max: 0x00010000, ABSOLUTE)

    **** No section assigned to this execution region ****


    Execution Region RW_IRAM1 (Exec base: 0x20000000, Load base: 0x08011e60, Size: 0x00007268, Max: 0x00030000, ABSOLUTE, COMPRESSED[0x0000030c])

    Exec Addr    Load Addr    Size         Type   Attr      Idx    E Section Name        Object

    0x20000000   COMPRESSED   0x00000004   Data   RW          289    .data               freertos.o
    0x20000004   COMPRESSED   0x00000004   Data   RW          383    .data               can.o
    0x20000008   COMPRESSED   0x00000009   Data   RW         2212    .data               stm32f4xx_hal.o
    0x20000011   COMPRESSED   0x00000003   PAD
    0x20000014   COMPRESSED   0x00000004   Data   RW         4284    .data               system_stm32f4xx.o
    0x20000018   COMPRESSED   0x0000003c   Data   RW         4977    .data               tasks.o
    0x20000054   COMPRESSED   0x00000018   Data   RW         5630    .data               heap_4.o
    0x2000006c   COMPRESSED   0x0000000c   Data   RW         5693    .data               port.o
    0x20000078   COMPRESSED   0x00000008   Data   RW         5998    .data               bsp_can.o
    0x20000080   COMPRESSED   0x00000002   Data   RW         6154    .data               bsp_uart.o
    0x20000082   COMPRESSED   0x00000002   PAD
    0x20000084   COMPRESSED   0x00000018   Data   RW         6758    .data               system_datapool.o
    0x2000009c   COMPRESSED   0x00000001   Data   RW         6972    .data               task_control.o
    0x2000009d   COMPRESSED   0x00000003   PAD
    0x200000a0   COMPRESSED   0x0000001d   Data   RW         7006    .data               task_referee.o
    0x200000bd   COMPRESSED   0x00000001   PAD
    0x200000be   COMPRESSED   0x00000002   Data   RW         7082    .data               task_monitor.o
    0x200000c0   COMPRESSED   0x0000000c   Data   RW         7324    .data               communication.o
    0x200000cc   COMPRESSED   0x00000024   Data   RW         7532    .data               devices_monitor.o
    0x200000f0   COMPRESSED   0x00000010   Data   RW         7623    .data               control_dr16.o
    0x20000100   COMPRESSED   0x00000005   Data   RW         7774    .data               control_robot.o
    0x20000105   COMPRESSED   0x00000003   PAD
    0x20000108   COMPRESSED   0x000000c4   Data   RW         7996    .data               control_chassis.o
    0x200001cc   COMPRESSED   0x0000001c   Data   RW         8522    .data               control_gimbal.o
    0x200001e8   COMPRESSED   0x00000036   Data   RW         8684    .data               chassis_power.o
    0x2000021e   COMPRESSED   0x00000004   Data   RW         8894    .data               dev_led.o
    0x20000222   COMPRESSED   0x000003d5   Data   RW         9152    .data               dev_buzzer.o
    0x200005f7   COMPRESSED   0x00000001   PAD
    0x200005f8   COMPRESSED   0x000000f0   Data   RW         9511    .data               dji_aimu.o
    0x200006e8   COMPRESSED   0x00000058   Data   RW         9672    .data               imu_compensate.o
    0x20000740   COMPRESSED   0x000001d1   Data   RW        10035    .data               referee_system.o
    0x20000911   COMPRESSED   0x00000003   PAD
    0x20000914   COMPRESSED   0x00000008   Data   RW        10559    .data               bsp_pvd.o
    0x2000091c        -       0x00000254   Zero   RW          286    .bss                freertos.o
    0x20000b70        -       0x00000048   Zero   RW          339    .bss                adc.o
    0x20000bb8        -       0x00000050   Zero   RW          382    .bss                can.o
    0x20000c08        -       0x000000b0   Zero   RW          455    .bss                spi.o
    0x20000cb8        -       0x00000080   Zero   RW          506    .bss                tim.o
    0x20000d38        -       0x00000240   Zero   RW          570    .bss                usart.o
    0x20000f78        -       0x00000040   Zero   RW          774    .bss                stm32f4xx_hal_timebase_tim.o
    0x20000fb8        -       0x000000f0   Zero   RW         4976    .bss                tasks.o
    0x200010a8        -       0x00003c00   Zero   RW         5629    .bss                heap_4.o
    0x20004ca8        -       0x00000068   Zero   RW         5997    .bss                bsp_can.o
    0x20004d10        -       0x00000060   Zero   RW         6153    .bss                bsp_uart.o
    0x20004d70        -       0x00001514   Zero   RW         6756    .bss                system_datapool.o
    0x20006284        -       0x00000050   Zero   RW         6894    .bss                task_can.o
    0x200062d4   COMPRESSED   0x00000004   PAD
    0x200062d8        -       0x000000b8   Zero   RW         7995    .bss                control_chassis.o
    0x20006390        -       0x00000524   Zero   RW         8978    .bss                dev_oled.o
    0x200068b4        -       0x000000e0   Zero   RW         9509    .bss                dji_aimu.o
    0x20006994        -       0x00000074   Zero   RW         9766    .bss                serialdebug.o
    0x20006a08        -       0x000001fa   Zero   RW        10033    .bss                referee_system.o
    0x20006c02   COMPRESSED   0x00000002   PAD
    0x20006c04        -       0x00000060   Zero   RW        11680    .bss                c_w.l(libspace.o)
    0x20006c64   COMPRESSED   0x00000004   PAD
    0x20006c68        -       0x00000200   Zero   RW            2    HEAP                startup_stm32f427xx.o
    0x20006e68        -       0x00000400   Zero   RW            1    STACK               startup_stm32f427xx.o


==============================================================================

Image component sizes


      Code (inc. data)   RO Data    RW Data    ZI Data      Debug   Object Name

       240         28          0          0         72       1717   adc.o
       396         68          0          8        104     616116   bsp_can.o
        20          0          0          0          0       1069   bsp_flash.o
       100         12          0          8          0       7108   bsp_pvd.o
       548         54          0          2         96       3321   bsp_uart.o
       500         46          0          4         80       2458   can.o
       816         74          0         54          0       7425   chassis_power.o
       132          0          0          0          0      25737   cmsis_os.o
       204         46          0         12          0     694154   communication.o
     11426        806        196        196        184      56084   control_chassis.o
      1866        156          0         16          0       8535   control_dr16.o
       826         88          0         28          0      13577   control_gimbal.o
       926         58          0          5          0      20805   control_robot.o
         0          0          0          0          0       7544   croutine.o
        18          6          4        981          0       4557   dev_buzzer.o
        92         14          0          4          0        932   dev_led.o
       466         16          0          0       1316       7141   dev_oled.o
         2          0          0          0          0       1880   dev_supcap.o
       266         32          0         36          0       7272   devices_monitor.o
      5802        464         20        240        224      19815   dji_aimu.o
       136          6          0          0          0        830   dma.o
       706          4          0          0          0      11455   dr16.o
         0          0          0          0          0      21560   event_groups.o
        74          0          0          0          0       2596   filter.o
        84         24         42          4        596       2536   freertos.o
       320         18          0          0          0       1095   gpio.o
       692         62          0         24      15360       7643   heap_4.o
       566         52          0         88          0      10082   imu_compensate.o
       198          6          0          0          0       3410   kalman_filter.o
       148          0          0          0          0       3842   list.o
       298         26          0          0          0     797540   main.o
      1378         24          0          0          0       6172   pid.o
      1014         92          0         12          0      12593   port.o
         2          0          0          0          0       2948   power_meter.o
      1214         10          0          0          0      13462   queue.o
       148          6          0          0          0      16368   ramp.o
      1212         72        768        465        506     678980   referee_system.o
        76         20        114          0        116     626502   serialdebug.o
       448         42          0          0        176       2398   spi.o
        64         26        428          0       1536        844   startup_stm32f427xx.o
       136         24          0          9          0       9194   stm32f4xx_hal.o
       876         32          0          0          0     769859   stm32f4xx_hal_adc.o
      2132          6          0          0          0      14603   stm32f4xx_hal_can.o
       320         30          0          0          0      34637   stm32f4xx_hal_cortex.o
      1434         16          8          0          0       7442   stm32f4xx_hal_dma.o
       570         54          0          0          0       3133   stm32f4xx_hal_gpio.o
        72          4          0          0          0        858   stm32f4xx_hal_msp.o
       224         18          0          0          0       2405   stm32f4xx_hal_pwr.o
      1868         94          0          0          0       6633   stm32f4xx_hal_rcc.o
      1388          8          0          0          0       6064   stm32f4xx_hal_spi.o
      1984         90          0          0          0      16474   stm32f4xx_hal_tim.o
       184         30          0          0          0       2677   stm32f4xx_hal_tim_ex.o
       140         18          0          0         64       1475   stm32f4xx_hal_timebase_tim.o
      2298         26          0          0          0      13415   stm32f4xx_hal_uart.o
       204         64          0          0          0       8352   stm32f4xx_it.o
         0          0          0          0          0        384   stream_buffer.o
       236         86          0          0          0     693898   system_config.o
       328         74        139         24       5396      31663   system_datapool.o
        28          4         24          4          0       6983   system_stm32f4xx.o
       610         58          0          0         80       9446   task_can.o
        88         12          0          1          0       1843   task_control.o
        22          0          0          0          0       1921   task_debug.o
        44          8          0          0          0       5584   task_imu.o
       284        122          0          0          0       1156   task_init.o
        68          8          0          2          0       1850   task_monitor.o
        96         16          0         29          0       2712   task_referee.o
      3670        432          0         60        240      31689   tasks.o
       544         56          0          0        128       3649   tim.o
         0          0          0          0          0       2536   timers.o
       940         90          0          0        576       3496   usart.o

    ----------------------------------------------------------------------
     54300       3938       1780       2332      26856    5426134   Object Totals
         0          0         32          0          0          0   (incl. Generated)
        88          0          5         16          6          0   (incl. Padding)

    ----------------------------------------------------------------------

      Code (inc. data)   RO Data    RW Data    ZI Data      Debug   Library Member Name

         0          0       2052          0          0       4704   arm_common_tables.o
       120         12          0          0          0      17170   arm_cos_f32.o
       148         18          0          0          0        814   arm_sin_f32.o
        90          0          0          0          0          0   __dczerorl2.o
         8          0          0          0          0         68   __main.o
         0          0          0          0          0          0   __rtentry.o
        12          0          0          0          0          0   __rtentry2.o
         6          0          0          0          0          0   __rtentry4.o
        52          8          0          0          0          0   __scatter.o
        28          0          0          0          0          0   __scatter_zi.o
        48          4          0          0          0         84   _fptrap.o
        22          0          0          0          0        100   _rserrno.o
        46          0          0          0          0         84   aeabi_atexit.o
        66          0          0          0          0         84   cxa_finalize.o
        10          0          0          0          0         68   defsig_exit.o
       172        110          0          0          0         76   defsig_fpe_inner.o
        14          0          0          0          0         80   defsig_fpe_outer.o
        50          0          0          0          0         88   defsig_general.o
        80         58          0          0          0         76   defsig_rtmem_inner.o
        14          0          0          0          0         80   defsig_rtmem_outer.o
        18          0          0          0          0         80   exit.o
        94          0          0          0          0         80   h1_alloc.o
        52          0          0          0          0         68   h1_extend.o
        78          0          0          0          0         80   h1_free.o
        14          0          0          0          0         84   h1_init.o
         6          0          0          0          0        152   heapauxi.o
         4          0          0          0          0        136   hguard.o
         0          0          0          0          0          0   indicate_semi.o
        36         10          0          0          0         80   init_aeabi.o
       138          0          0          0          0        168   init_alloc.o
         2          0          0          0          0          0   libinit.o
        18          0          0          0          0          0   libinit2.o
         2          0          0          0          0          0   libshutdown.o
         8          0          0          0          0          0   libshutdown2.o
         8          4          0          0         96         68   libspace.o
       238          0          0          0          0        100   lludivv7m.o
         0          0          0          0          0          0   maybetermalloc1.o
         8          4          0          0          0         68   rt_ddtor_pointer_addr_intlibspace.o
         8          4          0          0          0         68   rt_errno_addr_intlibspace.o
         8          4          0          0          0         68   rt_heap_descriptor_intlibspace.o
        78          0          0          0          0         80   rt_memclr_w.o
       138          0          0          0          0         68   rt_memcpy_v6.o
       100          0          0          0          0         80   rt_memcpy_w.o
         2          0          0          0          0          0   rtexit.o
        10          0          0          0          0          0   rtexit2.o
        12          4          0          0          0         68   sys_exit.o
        74          0          0          0          0         80   sys_stackheap_outer.o
        14          0          0          0          0         76   sys_wrch.o
         2          0          0          0          0         68   use_no_semi.o
        36          0          0          0          0         84   aeabi_vec_ctor_nocookie_nodtor.o
        34          0          0          0          0         84   aeabi_vec_dtor_noexceptions.o
        16          0          0          0          0         68   cxa_guard_acquire.o
        24          0          0          0          0        164   basic.o
       708         16          0          0          0        140   d2f_clz.o
      1336         32          0          0          0        532   daddsub_clz.o
        24          0          0          0          0        116   dcmpi.o
       892        152          0          0          0        292   ddiv_clz.o
       116          8          0          0          0        140   deqf.o
       220         16          0          0          0        192   dfixu.o
       110          0          0          0          0        348   dflt_clz.o
       120          8          0          0          0        140   dleqf.o
       448         16          0          0          0        164   dmul_clz.o
       258          4          0          0          0        156   dnaninf.o
       112          0          0          0          0        160   drenorm_clz.o
        12          0          0          0          0        116   dretinf.o
        98          0          0          0          0        128   drleqf.o
       520         56          0          0          0        180   dsqrt_umaalclz.o
       378          0          0          0          0        168   dunder_clz.o
       492         36          0          0          0        148   except.o
       122          8          0          0          0        132   f2d.o
       158          0          0          0          0        132   ffltll_clz.o
       242          4          0          0          0        144   fnaninf.o
        10          0          0          0          0        116   fpinit.o
        10          0          0          0          0        116   fretinf.o
       316          0          0          0          0        132   funder_clz.o
        32          4          0          0          0        116   istatus.o
       178          0          0          0          0        116   retnan.o
       126          0          0          0          0        148   trapv.o
         0          0          0          0          0          0   usenofp.o
       864         94         80          0          0        280   asin.o
       744        106        152          0          0        352   atan.o
       512         64          0          0          0        208   atan2.o
       684         90          0          0          0        208   atan2f.o
       104         16          0          0          0        496   dunder.o
        44          0          0          0          0        248   fabs.o
        48          0          0          0          0        124   fpclassify.o
        38          0          0          0          0        116   fpclassifyf.o
        74         24          0          0          0        580   funder.o
       248          0          0          0          0        152   poly.o
      1636        110        320          0          0        372   powf.o
         0          0          8          0          0          0   qnan.o
       232          0          0          0          0        296   sqrt_full.o
        58          0          0          0          0        136   sqrtf_full.o

    ----------------------------------------------------------------------
     14616       1104       2616          0        100      33636   Library Totals
        26          0          4          0          4          0   (incl. Padding)

    ----------------------------------------------------------------------

      Code (inc. data)   RO Data    RW Data    ZI Data      Debug   Library Name

       268         30       2052          0          0      22688   arm_cortexM4lf_math.lib
      1888        210          0          0         96       2708   c_w.l
        86          0          0          0          0        236   cpprt_w.l
      7062        360          0          0          0       4436   g_wm.l
      5286        504        560          0          0       3568   m_wm.l

    ----------------------------------------------------------------------
     14616       1104       2616          0        100      33636   Library Totals

    ----------------------------------------------------------------------

==============================================================================


      Code (inc. data)   RO Data    RW Data    ZI Data      Debug   

     68916       5042       4396       2332      26956    5415006   Grand Totals
     68916       5042       4396        780      26956    5415006   ELF Image Totals (compressed)
     68916       5042       4396        780          0          0   ROM Totals

==============================================================================

    Total RO  Size (Code + RO Data)                73312 (  71.59kB)
    Total RW  Size (RW Data + ZI Data)             29288 (  28.60kB)
    Total ROM Size (Code + RO Data + RW Data)      74092 (  72.36kB)

==============================================================================

